Component: ARM Compiler 5.06 update 7 (build 960) Tool: armlink [4d3601]

==============================================================================

Section Cross References

    startup_stm32f429xx.o(STACK) refers (Special) to heapauxi.o(.text) for __use_two_region_memory
    startup_stm32f429xx.o(HEAP) refers (Special) to heapauxi.o(.text) for __use_two_region_memory
    startup_stm32f429xx.o(RESET) refers (Special) to heapauxi.o(.text) for __use_two_region_memory
    startup_stm32f429xx.o(RESET) refers to startup_stm32f429xx.o(STACK) for __initial_sp
    startup_stm32f429xx.o(RESET) refers to startup_stm32f429xx.o(.text) for Reset_Handler
    startup_stm32f429xx.o(RESET) refers to usart.o(i.USART1_IRQHandler) for USART1_IRQHandler
    startup_stm32f429xx.o(.text) refers (Special) to heapauxi.o(.text) for __use_two_region_memory
    startup_stm32f429xx.o(.text) refers to __main.o(!!!main) for __main
    startup_stm32f429xx.o(.text) refers to startup_stm32f429xx.o(HEAP) for Heap_Mem
    startup_stm32f429xx.o(.text) refers to startup_stm32f429xx.o(STACK) for Stack_Mem
    test.o(i.main) refers to sys.o(i.Stm32_Clock_Init) for Stm32_Clock_Init
    test.o(i.main) refers to delay.o(i.delay_init) for delay_init
    test.o(i.main) refers to usart.o(i.uart_init) for uart_init
    test.o(i.main) refers to led.o(i.LED_Init) for LED_Init
    test.o(i.main) refers to key.o(i.KEY_Init) for KEY_Init
    test.o(i.main) refers to dma.o(i.MYDMA_Config) for MYDMA_Config
    test.o(i.main) refers to key.o(i.KEY_Scan) for KEY_Scan
    test.o(i.main) refers to noretval__2printf.o(.text) for __2printf
    test.o(i.main) refers to dma.o(i.MYDMA_Enable) for MYDMA_Enable
    test.o(i.main) refers to delay.o(i.delay_ms) for delay_ms
    test.o(i.main) refers to test.o(.bss) for SendBuff
    test.o(i.main) refers to test.o(.constdata) for TEXT_TO_SEND
    test.o(i.main) refers to lcd.o(.data) for POINT_COLOR
    delay.o(i.delay_init) refers to delay.o(.data) for fac_us
    delay.o(i.delay_ms) refers to delay.o(i.delay_xms) for delay_xms
    delay.o(i.delay_us) refers to delay.o(.data) for fac_us
    delay.o(i.delay_xms) refers to delay.o(.data) for fac_ms
    sys.o(i.MY_NVIC_Init) refers to sys.o(i.MY_NVIC_PriorityGroupConfig) for MY_NVIC_PriorityGroupConfig
    sys.o(i.Stm32_Clock_Init) refers to sys.o(i.Sys_Clock_Set) for Sys_Clock_Set
    sys.o(i.Stm32_Clock_Init) refers to sys.o(i.MY_NVIC_SetVectorTable) for MY_NVIC_SetVectorTable
    sys.o(i.Sys_Standby) refers to sys.o(i.WFI_SET) for WFI_SET
    usart.o(.rev16_text) refers (Special) to use_no_semi_2.o(.text) for __use_no_semihosting
    usart.o(.revsh_text) refers (Special) to use_no_semi_2.o(.text) for __use_no_semihosting
    usart.o(.rrx_text) refers (Special) to use_no_semi_2.o(.text) for __use_no_semihosting
    usart.o(i.USART1_IRQHandler) refers (Special) to use_no_semi_2.o(.text) for __use_no_semihosting
    usart.o(i.USART1_IRQHandler) refers to usart.o(.data) for USART_RX_STA
    usart.o(i.USART1_IRQHandler) refers to usart.o(.bss) for USART_RX_BUF
    usart.o(i._sys_exit) refers (Special) to use_no_semi_2.o(.text) for __use_no_semihosting
    usart.o(i._ttywrch) refers (Special) to use_no_semi_2.o(.text) for __use_no_semihosting
    usart.o(i.fputc) refers (Special) to use_no_semi_2.o(.text) for __use_no_semihosting
    usart.o(i.uart_init) refers (Special) to use_no_semi_2.o(.text) for __use_no_semihosting
    usart.o(i.uart_init) refers to sys.o(i.GPIO_Set) for GPIO_Set
    usart.o(i.uart_init) refers to sys.o(i.GPIO_AF_Set) for GPIO_AF_Set
    usart.o(i.uart_init) refers to sys.o(i.MY_NVIC_Init) for MY_NVIC_Init
    usart.o(.bss) refers (Special) to use_no_semi_2.o(.text) for __use_no_semihosting
    usart.o(.data) refers (Special) to use_no_semi_2.o(.text) for __use_no_semihosting
    led.o(i.LED_Init) refers to sys.o(i.GPIO_Set) for GPIO_Set
    sdram.o(i.SDRAM_Init) refers to sys.o(i.GPIO_Set) for GPIO_Set
    sdram.o(i.SDRAM_Init) refers to sys.o(i.GPIO_AF_Set) for GPIO_AF_Set
    sdram.o(i.SDRAM_Init) refers to sdram.o(i.SDRAM_Send_Cmd) for SDRAM_Send_Cmd
    sdram.o(i.SDRAM_Init) refers to delay.o(i.delay_us) for delay_us
    lcd.o(i.LCD_Clear) refers to ltdc.o(i.LTDC_Clear) for LTDC_Clear
    lcd.o(i.LCD_Clear) refers to lcd.o(i.LCD_SetCursor) for LCD_SetCursor
    lcd.o(i.LCD_Clear) refers to lcd.o(i.LCD_WriteRAM_Prepare) for LCD_WriteRAM_Prepare
    lcd.o(i.LCD_Clear) refers to lcd.o(.bss) for lcddev
    lcd.o(i.LCD_Clear) refers to ltdc.o(.bss) for lcdltdc
    lcd.o(i.LCD_Color_Fill) refers to ltdc.o(i.LTDC_Color_Fill) for LTDC_Color_Fill
    lcd.o(i.LCD_Color_Fill) refers to lcd.o(i.LCD_SetCursor) for LCD_SetCursor
    lcd.o(i.LCD_Color_Fill) refers to lcd.o(i.LCD_WriteRAM_Prepare) for LCD_WriteRAM_Prepare
    lcd.o(i.LCD_Color_Fill) refers to ltdc.o(.bss) for lcdltdc
    lcd.o(i.LCD_DisplayOff) refers to ltdc.o(i.LTDC_Switch) for LTDC_Switch
    lcd.o(i.LCD_DisplayOff) refers to lcd.o(i.LCD_WR_REG) for LCD_WR_REG
    lcd.o(i.LCD_DisplayOff) refers to ltdc.o(.bss) for lcdltdc
    lcd.o(i.LCD_DisplayOff) refers to lcd.o(.bss) for lcddev
    lcd.o(i.LCD_DisplayOn) refers to ltdc.o(i.LTDC_Switch) for LTDC_Switch
    lcd.o(i.LCD_DisplayOn) refers to lcd.o(i.LCD_WR_REG) for LCD_WR_REG
    lcd.o(i.LCD_DisplayOn) refers to ltdc.o(.bss) for lcdltdc
    lcd.o(i.LCD_DisplayOn) refers to lcd.o(.bss) for lcddev
    lcd.o(i.LCD_Display_Dir) refers to ltdc.o(i.LTDC_Display_Dir) for LTDC_Display_Dir
    lcd.o(i.LCD_Display_Dir) refers to lcd.o(i.LCD_Scan_Dir) for LCD_Scan_Dir
    lcd.o(i.LCD_Display_Dir) refers to lcd.o(.bss) for lcddev
    lcd.o(i.LCD_Display_Dir) refers to ltdc.o(.bss) for lcdltdc
    lcd.o(i.LCD_DrawLine) refers to lcd.o(i.LCD_DrawPoint) for LCD_DrawPoint
    lcd.o(i.LCD_DrawPoint) refers to ltdc.o(i.LTDC_Draw_Point) for LTDC_Draw_Point
    lcd.o(i.LCD_DrawPoint) refers to lcd.o(i.LCD_SetCursor) for LCD_SetCursor
    lcd.o(i.LCD_DrawPoint) refers to lcd.o(i.LCD_WriteRAM_Prepare) for LCD_WriteRAM_Prepare
    lcd.o(i.LCD_DrawPoint) refers to ltdc.o(.bss) for lcdltdc
    lcd.o(i.LCD_DrawPoint) refers to lcd.o(.data) for POINT_COLOR
    lcd.o(i.LCD_DrawRectangle) refers to lcd.o(i.LCD_DrawLine) for LCD_DrawLine
    lcd.o(i.LCD_Draw_Circle) refers to lcd.o(i.LCD_DrawPoint) for LCD_DrawPoint
    lcd.o(i.LCD_Fast_DrawPoint) refers to ltdc.o(i.LTDC_Draw_Point) for LTDC_Draw_Point
    lcd.o(i.LCD_Fast_DrawPoint) refers to lcd.o(i.LCD_WR_REG) for LCD_WR_REG
    lcd.o(i.LCD_Fast_DrawPoint) refers to lcd.o(i.LCD_WR_DATA) for LCD_WR_DATA
    lcd.o(i.LCD_Fast_DrawPoint) refers to ltdc.o(.bss) for lcdltdc
    lcd.o(i.LCD_Fast_DrawPoint) refers to lcd.o(.bss) for lcddev
    lcd.o(i.LCD_Fill) refers to ltdc.o(i.LTDC_Fill) for LTDC_Fill
    lcd.o(i.LCD_Fill) refers to lcd.o(i.LCD_SetCursor) for LCD_SetCursor
    lcd.o(i.LCD_Fill) refers to lcd.o(i.LCD_WriteRAM_Prepare) for LCD_WriteRAM_Prepare
    lcd.o(i.LCD_Fill) refers to ltdc.o(.bss) for lcdltdc
    lcd.o(i.LCD_Init) refers to _printf_percent.o(.ARM.Collect$$_printf_percent$$00000000) for _printf_percent
    lcd.o(i.LCD_Init) refers to _printf_x.o(.ARM.Collect$$_printf_percent$$0000000C) for _printf_x
    lcd.o(i.LCD_Init) refers to _printf_hex_int.o(.text) for _printf_longlong_hex
    lcd.o(i.LCD_Init) refers to ltdc.o(i.LTDC_PanelID_Read) for LTDC_PanelID_Read
    lcd.o(i.LCD_Init) refers to ltdc.o(i.LTDC_Init) for LTDC_Init
    lcd.o(i.LCD_Init) refers to sys.o(i.GPIO_Set) for GPIO_Set
    lcd.o(i.LCD_Init) refers to sys.o(i.GPIO_AF_Set) for GPIO_AF_Set
    lcd.o(i.LCD_Init) refers to delay.o(i.delay_ms) for delay_ms
    lcd.o(i.LCD_Init) refers to lcd.o(i.LCD_WR_REG) for LCD_WR_REG
    lcd.o(i.LCD_Init) refers to lcd.o(i.LCD_RD_DATA) for LCD_RD_DATA
    lcd.o(i.LCD_Init) refers to noretval__2printf.o(.text) for __2printf
    lcd.o(i.LCD_Init) refers to lcd.o(i.LCD_WR_DATA) for LCD_WR_DATA
    lcd.o(i.LCD_Init) refers to lcd.o(.bss) for lcddev
    lcd.o(i.LCD_Init) refers to lcd.o(i.LCD_WriteReg) for LCD_WriteReg
    lcd.o(i.LCD_Init) refers to delay.o(i.delay_us) for delay_us
    lcd.o(i.LCD_Init) refers to lcd.o(i.LCD_SSD_BackLightSet) for LCD_SSD_BackLightSet
    lcd.o(i.LCD_Init) refers to lcd.o(i.LCD_Display_Dir) for LCD_Display_Dir
    lcd.o(i.LCD_Init) refers to lcd.o(i.LCD_Clear) for LCD_Clear
    lcd.o(i.LCD_ReadPoint) refers to ltdc.o(i.LTDC_Read_Point) for LTDC_Read_Point
    lcd.o(i.LCD_ReadPoint) refers to lcd.o(i.LCD_SetCursor) for LCD_SetCursor
    lcd.o(i.LCD_ReadPoint) refers to lcd.o(i.LCD_WR_REG) for LCD_WR_REG
    lcd.o(i.LCD_ReadPoint) refers to lcd.o(i.LCD_RD_DATA) for LCD_RD_DATA
    lcd.o(i.LCD_ReadPoint) refers to lcd.o(i.opt_delay) for opt_delay
    lcd.o(i.LCD_ReadPoint) refers to lcd.o(.bss) for lcddev
    lcd.o(i.LCD_ReadPoint) refers to ltdc.o(.bss) for lcdltdc
    lcd.o(i.LCD_ReadReg) refers to lcd.o(i.LCD_WR_REG) for LCD_WR_REG
    lcd.o(i.LCD_ReadReg) refers to delay.o(i.delay_us) for delay_us
    lcd.o(i.LCD_ReadReg) refers to lcd.o(i.LCD_RD_DATA) for LCD_RD_DATA
    lcd.o(i.LCD_SSD_BackLightSet) refers to lcd.o(i.LCD_WR_REG) for LCD_WR_REG
    lcd.o(i.LCD_SSD_BackLightSet) refers to lcd.o(i.LCD_WR_DATA) for LCD_WR_DATA
    lcd.o(i.LCD_SSD_BackLightSet) refers to dflt_clz.o(x$fpl$dfltu) for __aeabi_ui2d
    lcd.o(i.LCD_SSD_BackLightSet) refers to dmul.o(x$fpl$dmul) for __aeabi_dmul
    lcd.o(i.LCD_SSD_BackLightSet) refers to dfixu.o(x$fpl$dfixu) for __aeabi_d2uiz
    lcd.o(i.LCD_Scan_Dir) refers to lcd.o(i.LCD_WriteReg) for LCD_WriteReg
    lcd.o(i.LCD_Scan_Dir) refers to lcd.o(i.LCD_WR_REG) for LCD_WR_REG
    lcd.o(i.LCD_Scan_Dir) refers to lcd.o(i.LCD_WR_DATA) for LCD_WR_DATA
    lcd.o(i.LCD_Scan_Dir) refers to lcd.o(.bss) for lcddev
    lcd.o(i.LCD_SetCursor) refers to lcd.o(i.LCD_WR_REG) for LCD_WR_REG
    lcd.o(i.LCD_SetCursor) refers to lcd.o(i.LCD_WR_DATA) for LCD_WR_DATA
    lcd.o(i.LCD_SetCursor) refers to lcd.o(.bss) for lcddev
    lcd.o(i.LCD_Set_Window) refers to lcd.o(i.LCD_WR_REG) for LCD_WR_REG
    lcd.o(i.LCD_Set_Window) refers to lcd.o(i.LCD_WR_DATA) for LCD_WR_DATA
    lcd.o(i.LCD_Set_Window) refers to lcd.o(.bss) for lcddev
    lcd.o(i.LCD_ShowChar) refers to lcd.o(i.LCD_Fast_DrawPoint) for LCD_Fast_DrawPoint
    lcd.o(i.LCD_ShowChar) refers to lcd.o(.constdata) for asc2_1206
    lcd.o(i.LCD_ShowChar) refers to lcd.o(.data) for POINT_COLOR
    lcd.o(i.LCD_ShowChar) refers to lcd.o(.bss) for lcddev
    lcd.o(i.LCD_ShowNum) refers to lcd.o(i.LCD_Pow) for LCD_Pow
    lcd.o(i.LCD_ShowNum) refers to lcd.o(i.LCD_ShowChar) for LCD_ShowChar
    lcd.o(i.LCD_ShowString) refers to lcd.o(i.LCD_ShowChar) for LCD_ShowChar
    lcd.o(i.LCD_ShowxNum) refers to lcd.o(i.LCD_Pow) for LCD_Pow
    lcd.o(i.LCD_ShowxNum) refers to lcd.o(i.LCD_ShowChar) for LCD_ShowChar
    lcd.o(i.LCD_WriteRAM_Prepare) refers to lcd.o(.bss) for lcddev
    ltdc.o(i.LTDC_Clear) refers to ltdc.o(i.LTDC_Fill) for LTDC_Fill
    ltdc.o(i.LTDC_Clear) refers to ltdc.o(.bss) for lcdltdc
    ltdc.o(i.LTDC_Color_Fill) refers to ltdc.o(.bss) for lcdltdc
    ltdc.o(i.LTDC_Color_Fill) refers to ltdc.o(.data) for ltdc_framebuf
    ltdc.o(i.LTDC_Display_Dir) refers to ltdc.o(.bss) for lcdltdc
    ltdc.o(i.LTDC_Draw_Point) refers to ltdc.o(.bss) for lcdltdc
    ltdc.o(i.LTDC_Draw_Point) refers to ltdc.o(.data) for ltdc_framebuf
    ltdc.o(i.LTDC_Fill) refers to ltdc.o(.bss) for lcdltdc
    ltdc.o(i.LTDC_Fill) refers to ltdc.o(.data) for ltdc_framebuf
    ltdc.o(i.LTDC_Init) refers to ltdc.o(i.LTDC_PanelID_Read) for LTDC_PanelID_Read
    ltdc.o(i.LTDC_Init) refers to sys.o(i.GPIO_Set) for GPIO_Set
    ltdc.o(i.LTDC_Init) refers to sys.o(i.GPIO_AF_Set) for GPIO_AF_Set
    ltdc.o(i.LTDC_Init) refers to ltdc.o(i.LTDC_Clk_Set) for LTDC_Clk_Set
    ltdc.o(i.LTDC_Init) refers to ltdc.o(i.LTDC_Switch) for LTDC_Switch
    ltdc.o(i.LTDC_Init) refers to ltdc.o(i.LTDC_Layer_Parameter_Config) for LTDC_Layer_Parameter_Config
    ltdc.o(i.LTDC_Init) refers to ltdc.o(i.LTDC_Layer_Window_Config) for LTDC_Layer_Window_Config
    ltdc.o(i.LTDC_Init) refers to ltdc.o(i.LTDC_Select_Layer) for LTDC_Select_Layer
    ltdc.o(i.LTDC_Init) refers to ltdc.o(i.LTDC_Clear) for LTDC_Clear
    ltdc.o(i.LTDC_Init) refers to ltdc.o(.bss) for lcdltdc
    ltdc.o(i.LTDC_Init) refers to ltdc.o(.ARM.__AT_0xC0000000) for ltdc_lcd_framebuf
    ltdc.o(i.LTDC_Init) refers to ltdc.o(.data) for ltdc_framebuf
    ltdc.o(i.LTDC_Init) refers to lcd.o(.bss) for lcddev
    ltdc.o(i.LTDC_Layer_Window_Config) refers to ltdc.o(i.LTDC_Layer_Switch) for LTDC_Layer_Switch
    ltdc.o(i.LTDC_PanelID_Read) refers to sys.o(i.GPIO_Set) for GPIO_Set
    ltdc.o(i.LTDC_Read_Point) refers to ltdc.o(.bss) for lcdltdc
    ltdc.o(i.LTDC_Read_Point) refers to ltdc.o(.data) for ltdc_framebuf
    ltdc.o(i.LTDC_Select_Layer) refers to ltdc.o(.bss) for lcdltdc
    key.o(i.KEY_Init) refers to sys.o(i.GPIO_Set) for GPIO_Set
    key.o(i.KEY_Scan) refers to delay.o(i.delay_ms) for delay_ms
    key.o(i.KEY_Scan) refers to key.o(.data) for key_up
    use_no_semi_2.o(.text) refers (Special) to use_no_semi.o(.text) for __use_no_semihosting_swi
    __2printf.o(.text) refers to _printf_char_file.o(.text) for _printf_char_file
    __2printf.o(.text) refers to usart.o(.data) for __stdout
    noretval__2printf.o(.text) refers to _printf_char_file.o(.text) for _printf_char_file
    noretval__2printf.o(.text) refers to usart.o(.data) for __stdout
    __printf.o(.text) refers to _printf_percent.o(.ARM.Collect$$_printf_percent$$00000000) for _printf_percent
    _printf_hex_ll.o(.text) refers to _printf_intcommon.o(.text) for _printf_int_common
    _printf_hex_ll.o(.text) refers to _printf_hex_ll.o(.constdata) for .constdata
    _printf_hex_int.o(.text) refers to _printf_intcommon.o(.text) for _printf_int_common
    _printf_hex_int.o(.text) refers to _printf_hex_int.o(.constdata) for .constdata
    _printf_hex_int_ll.o(.text) refers to _printf_intcommon.o(.text) for _printf_int_common
    _printf_hex_int_ll.o(.text) refers to _printf_hex_int_ll.o(.constdata) for .constdata
    _printf_hex_ptr.o(.text) refers to _printf_intcommon.o(.text) for _printf_int_common
    _printf_hex_ptr.o(.text) refers to _printf_hex_ptr.o(.constdata) for .constdata
    _printf_hex_int_ptr.o(.text) refers to _printf_intcommon.o(.text) for _printf_int_common
    _printf_hex_int_ptr.o(.text) refers to _printf_hex_int_ptr.o(.constdata) for .constdata
    _printf_hex_ll_ptr.o(.text) refers to _printf_intcommon.o(.text) for _printf_int_common
    _printf_hex_ll_ptr.o(.text) refers to _printf_hex_ll_ptr.o(.constdata) for .constdata
    _printf_hex_int_ll_ptr.o(.text) refers to _printf_intcommon.o(.text) for _printf_int_common
    _printf_hex_int_ll_ptr.o(.text) refers to _printf_hex_int_ll_ptr.o(.constdata) for .constdata
    __printf_flags.o(.text) refers to _printf_percent.o(.ARM.Collect$$_printf_percent$$00000000) for _printf_percent
    __printf_flags.o(.text) refers to __printf_flags.o(.constdata) for .constdata
    __printf_ss.o(.text) refers to _printf_percent.o(.ARM.Collect$$_printf_percent$$00000000) for _printf_percent
    __printf_flags_ss.o(.text) refers to _printf_percent.o(.ARM.Collect$$_printf_percent$$00000000) for _printf_percent
    __printf_flags_ss.o(.text) refers to __printf_flags_ss.o(.constdata) for .constdata
    __printf_wp.o(.text) refers to __printf_wp.o(i._is_digit) for _is_digit
    __printf_wp.o(.text) refers to _printf_percent.o(.ARM.Collect$$_printf_percent$$00000000) for _printf_percent
    __printf_flags_wp.o(.text) refers to __printf_wp.o(i._is_digit) for _is_digit
    __printf_flags_wp.o(.text) refers to _printf_percent.o(.ARM.Collect$$_printf_percent$$00000000) for _printf_percent
    __printf_flags_wp.o(.text) refers to __printf_flags_wp.o(.constdata) for .constdata
    __printf_ss_wp.o(.text) refers to __printf_wp.o(i._is_digit) for _is_digit
    __printf_ss_wp.o(.text) refers to _printf_percent.o(.ARM.Collect$$_printf_percent$$00000000) for _printf_percent
    __printf_flags_ss_wp.o(.text) refers to __printf_wp.o(i._is_digit) for _is_digit
    __printf_flags_ss_wp.o(.text) refers to _printf_percent.o(.ARM.Collect$$_printf_percent$$00000000) for _printf_percent
    __printf_flags_ss_wp.o(.text) refers to __printf_flags_ss_wp.o(.constdata) for .constdata
    _printf_x.o(.ARM.Collect$$_printf_percent$$0000000C) refers (Weak) to _printf_hex_int.o(.text) for _printf_int_hex
    _printf_percent.o(.ARM.Collect$$_printf_percent$$00000000) refers (Special) to _printf_percent_end.o(.ARM.Collect$$_printf_percent$$00000017) for _printf_percent_end
    __main.o(!!!main) refers to __rtentry.o(.ARM.Collect$$rtentry$$00000000) for __rt_entry
    dfixu.o(x$fpl$dfixu) refers (Special) to usenofp.o(x$fpl$usenofp) for __I$use$fp
    dfixu.o(x$fpl$dfixu) refers to dnaninf.o(x$fpl$dnaninf) for __fpl_dnaninf
    dfixu.o(x$fpl$dfixur) refers (Special) to usenofp.o(x$fpl$usenofp) for __I$use$fp
    dfixu.o(x$fpl$dfixur) refers to dnaninf.o(x$fpl$dnaninf) for __fpl_dnaninf
    dflt_clz.o(x$fpl$dfltu) refers (Special) to usenofp.o(x$fpl$usenofp) for __I$use$fp
    dflt_clz.o(x$fpl$dflt) refers (Special) to usenofp.o(x$fpl$usenofp) for __I$use$fp
    dflt_clz.o(x$fpl$dfltn) refers (Special) to usenofp.o(x$fpl$usenofp) for __I$use$fp
    dmul.o(x$fpl$dmul) refers (Special) to usenofp.o(x$fpl$usenofp) for __I$use$fp
    dmul.o(x$fpl$dmul) refers to dretinf.o(x$fpl$dretinf) for __fpl_dretinf
    dmul.o(x$fpl$dmul) refers to dnaninf.o(x$fpl$dnaninf) for __fpl_dnaninf
    __rtentry.o(.ARM.Collect$$rtentry$$00000000) refers (Special) to __rtentry2.o(.ARM.Collect$$rtentry$$0000000A) for __rt_entry_li
    __rtentry.o(.ARM.Collect$$rtentry$$00000000) refers (Special) to __rtentry2.o(.ARM.Collect$$rtentry$$0000000D) for __rt_entry_main
    __rtentry.o(.ARM.Collect$$rtentry$$00000000) refers (Special) to __rtentry2.o(.ARM.Collect$$rtentry$$0000000C) for __rt_entry_postli_1
    __rtentry.o(.ARM.Collect$$rtentry$$00000000) refers (Special) to __rtentry2.o(.ARM.Collect$$rtentry$$00000009) for __rt_entry_postsh_1
    __rtentry.o(.ARM.Collect$$rtentry$$00000000) refers (Special) to __rtentry2.o(.ARM.Collect$$rtentry$$00000002) for __rt_entry_presh_1
    __rtentry.o(.ARM.Collect$$rtentry$$00000000) refers (Special) to __rtentry4.o(.ARM.Collect$$rtentry$$00000004) for __rt_entry_sh
    _printf_char_file.o(.text) refers to _printf_char_common.o(.text) for _printf_char_common
    _printf_char_file.o(.text) refers to ferror.o(.text) for ferror
    _printf_char_file.o(.text) refers to usart.o(i.fputc) for fputc
    dnaninf.o(x$fpl$dnaninf) refers (Special) to usenofp.o(x$fpl$usenofp) for __I$use$fp
    dretinf.o(x$fpl$dretinf) refers (Special) to usenofp.o(x$fpl$usenofp) for __I$use$fp
    __rtentry2.o(.ARM.Collect$$rtentry$$00000008) refers to boardinit2.o(.text) for _platform_post_stackheap_init
    __rtentry2.o(.ARM.Collect$$rtentry$$0000000A) refers to libinit.o(.ARM.Collect$$libinit$$00000000) for __rt_lib_init
    __rtentry2.o(.ARM.Collect$$rtentry$$0000000B) refers to boardinit3.o(.text) for _platform_post_lib_init
    __rtentry2.o(.ARM.Collect$$rtentry$$0000000D) refers to test.o(i.main) for main
    __rtentry2.o(.ARM.Collect$$rtentry$$0000000D) refers to exit.o(.text) for exit
    __rtentry2.o(.ARM.exidx) refers to __rtentry2.o(.ARM.Collect$$rtentry$$00000001) for .ARM.Collect$$rtentry$$00000001
    __rtentry2.o(.ARM.exidx) refers to __rtentry2.o(.ARM.Collect$$rtentry$$00000008) for .ARM.Collect$$rtentry$$00000008
    __rtentry2.o(.ARM.exidx) refers to __rtentry2.o(.ARM.Collect$$rtentry$$0000000A) for .ARM.Collect$$rtentry$$0000000A
    __rtentry2.o(.ARM.exidx) refers to __rtentry2.o(.ARM.Collect$$rtentry$$0000000B) for .ARM.Collect$$rtentry$$0000000B
    __rtentry2.o(.ARM.exidx) refers to __rtentry2.o(.ARM.Collect$$rtentry$$0000000D) for .ARM.Collect$$rtentry$$0000000D
    __rtentry4.o(.ARM.Collect$$rtentry$$00000004) refers to sys_stackheap_outer.o(.text) for __user_setup_stackheap
    __rtentry4.o(.ARM.exidx) refers to __rtentry4.o(.ARM.Collect$$rtentry$$00000004) for .ARM.Collect$$rtentry$$00000004
    _printf_char_common.o(.text) refers to __printf.o(.text) for __printf
    sys_stackheap_outer.o(.text) refers to libspace.o(.text) for __user_perproc_libspace
    sys_stackheap_outer.o(.text) refers to startup_stm32f429xx.o(.text) for __user_initial_stackheap
    exit.o(.text) refers to rtexit.o(.ARM.Collect$$rtexit$$00000000) for __rt_exit
    libinit.o(.ARM.Collect$$libinit$$00000000) refers (Special) to libinit2.o(.ARM.Collect$$libinit$$0000002E) for __rt_lib_init_alloca_1
    libinit.o(.ARM.Collect$$libinit$$00000000) refers (Special) to libinit2.o(.ARM.Collect$$libinit$$0000002C) for __rt_lib_init_argv_1
    libinit.o(.ARM.Collect$$libinit$$00000000) refers (Special) to libinit2.o(.ARM.Collect$$libinit$$0000001B) for __rt_lib_init_atexit_1
    libinit.o(.ARM.Collect$$libinit$$00000000) refers (Special) to libinit2.o(.ARM.Collect$$libinit$$00000021) for __rt_lib_init_clock_1
    libinit.o(.ARM.Collect$$libinit$$00000000) refers (Special) to libinit2.o(.ARM.Collect$$libinit$$00000032) for __rt_lib_init_cpp_1
    libinit.o(.ARM.Collect$$libinit$$00000000) refers (Special) to libinit2.o(.ARM.Collect$$libinit$$00000030) for __rt_lib_init_exceptions_1
    libinit.o(.ARM.Collect$$libinit$$00000000) refers (Special) to libinit2.o(.ARM.Collect$$libinit$$00000001) for __rt_lib_init_fp_1
    libinit.o(.ARM.Collect$$libinit$$00000000) refers (Special) to libinit2.o(.ARM.Collect$$libinit$$0000001F) for __rt_lib_init_fp_trap_1
    libinit.o(.ARM.Collect$$libinit$$00000000) refers (Special) to libinit2.o(.ARM.Collect$$libinit$$00000023) for __rt_lib_init_getenv_1
    libinit.o(.ARM.Collect$$libinit$$00000000) refers (Special) to libinit2.o(.ARM.Collect$$libinit$$0000000A) for __rt_lib_init_heap_1
    libinit.o(.ARM.Collect$$libinit$$00000000) refers (Special) to libinit2.o(.ARM.Collect$$libinit$$00000011) for __rt_lib_init_lc_collate_1
    libinit.o(.ARM.Collect$$libinit$$00000000) refers (Special) to libinit2.o(.ARM.Collect$$libinit$$00000013) for __rt_lib_init_lc_ctype_1
    libinit.o(.ARM.Collect$$libinit$$00000000) refers (Special) to libinit2.o(.ARM.Collect$$libinit$$00000015) for __rt_lib_init_lc_monetary_1
    libinit.o(.ARM.Collect$$libinit$$00000000) refers (Special) to libinit2.o(.ARM.Collect$$libinit$$00000017) for __rt_lib_init_lc_numeric_1
    libinit.o(.ARM.Collect$$libinit$$00000000) refers (Special) to libinit2.o(.ARM.Collect$$libinit$$00000019) for __rt_lib_init_lc_time_1
    libinit.o(.ARM.Collect$$libinit$$00000000) refers (Special) to libinit2.o(.ARM.Collect$$libinit$$00000004) for __rt_lib_init_preinit_1
    libinit.o(.ARM.Collect$$libinit$$00000000) refers (Special) to libinit2.o(.ARM.Collect$$libinit$$0000000E) for __rt_lib_init_rand_1
    libinit.o(.ARM.Collect$$libinit$$00000000) refers (Special) to libinit2.o(.ARM.Collect$$libinit$$00000033) for __rt_lib_init_return
    libinit.o(.ARM.Collect$$libinit$$00000000) refers (Special) to libinit2.o(.ARM.Collect$$libinit$$0000001D) for __rt_lib_init_signal_1
    libinit.o(.ARM.Collect$$libinit$$00000000) refers (Special) to libinit2.o(.ARM.Collect$$libinit$$00000025) for __rt_lib_init_stdio_1
    libinit.o(.ARM.Collect$$libinit$$00000000) refers (Special) to libinit2.o(.ARM.Collect$$libinit$$0000000C) for __rt_lib_init_user_alloc_1
    libspace.o(.text) refers to libspace.o(.bss) for __libspace_start
    rtexit.o(.ARM.Collect$$rtexit$$00000000) refers (Special) to rtexit2.o(.ARM.Collect$$rtexit$$00000004) for __rt_exit_exit
    rtexit.o(.ARM.Collect$$rtexit$$00000000) refers (Special) to rtexit2.o(.ARM.Collect$$rtexit$$00000003) for __rt_exit_ls
    rtexit.o(.ARM.Collect$$rtexit$$00000000) refers (Special) to rtexit2.o(.ARM.Collect$$rtexit$$00000002) for __rt_exit_prels_1
    rtexit.o(.ARM.exidx) refers (Special) to rtexit2.o(.ARM.Collect$$rtexit$$00000004) for __rt_exit_exit
    rtexit.o(.ARM.exidx) refers (Special) to rtexit2.o(.ARM.Collect$$rtexit$$00000003) for __rt_exit_ls
    rtexit.o(.ARM.exidx) refers (Special) to rtexit2.o(.ARM.Collect$$rtexit$$00000002) for __rt_exit_prels_1
    rtexit.o(.ARM.exidx) refers to rtexit.o(.ARM.Collect$$rtexit$$00000000) for .ARM.Collect$$rtexit$$00000000
    libinit2.o(.ARM.Collect$$libinit$$00000001) refers to fpinit.o(x$fpl$fpinit) for _fp_init
    libinit2.o(.ARM.Collect$$libinit$$00000010) refers to libinit2.o(.ARM.Collect$$libinit$$0000000F) for .ARM.Collect$$libinit$$0000000F
    libinit2.o(.ARM.Collect$$libinit$$00000012) refers to libinit2.o(.ARM.Collect$$libinit$$0000000F) for .ARM.Collect$$libinit$$0000000F
    libinit2.o(.ARM.Collect$$libinit$$00000014) refers to libinit2.o(.ARM.Collect$$libinit$$0000000F) for .ARM.Collect$$libinit$$0000000F
    libinit2.o(.ARM.Collect$$libinit$$00000016) refers to libinit2.o(.ARM.Collect$$libinit$$0000000F) for .ARM.Collect$$libinit$$0000000F
    libinit2.o(.ARM.Collect$$libinit$$00000018) refers to libinit2.o(.ARM.Collect$$libinit$$0000000F) for .ARM.Collect$$libinit$$0000000F
    libinit2.o(.ARM.Collect$$libinit$$00000026) refers to argv_veneer.o(.emb_text) for __ARM_argv_veneer
    libinit2.o(.ARM.Collect$$libinit$$00000027) refers to argv_veneer.o(.emb_text) for __ARM_argv_veneer
    rtexit2.o(.ARM.Collect$$rtexit$$00000003) refers to libshutdown.o(.ARM.Collect$$libshutdown$$00000000) for __rt_lib_shutdown
    rtexit2.o(.ARM.Collect$$rtexit$$00000004) refers to usart.o(i._sys_exit) for _sys_exit
    rtexit2.o(.ARM.exidx) refers to rtexit2.o(.ARM.Collect$$rtexit$$00000001) for .ARM.Collect$$rtexit$$00000001
    rtexit2.o(.ARM.exidx) refers to rtexit2.o(.ARM.Collect$$rtexit$$00000003) for .ARM.Collect$$rtexit$$00000003
    rtexit2.o(.ARM.exidx) refers to rtexit2.o(.ARM.Collect$$rtexit$$00000004) for .ARM.Collect$$rtexit$$00000004
    argv_veneer.o(.emb_text) refers to no_argv.o(.text) for __ARM_get_argv
    _get_argv_nomalloc.o(.text) refers (Special) to hrguard.o(.text) for __heap_region$guard
    _get_argv_nomalloc.o(.text) refers to defsig_rtmem_outer.o(.text) for __rt_SIGRTMEM
    _get_argv_nomalloc.o(.text) refers to sys_command.o(.text) for _sys_command_string
    libshutdown.o(.ARM.Collect$$libshutdown$$00000000) refers (Special) to libshutdown2.o(.ARM.Collect$$libshutdown$$00000004) for __rt_lib_shutdown_cpp_1
    libshutdown.o(.ARM.Collect$$libshutdown$$00000000) refers (Special) to libshutdown2.o(.ARM.Collect$$libshutdown$$00000002) for __rt_lib_shutdown_fini_1
    libshutdown.o(.ARM.Collect$$libshutdown$$00000000) refers (Special) to libshutdown2.o(.ARM.Collect$$libshutdown$$00000009) for __rt_lib_shutdown_fp_trap_1
    libshutdown.o(.ARM.Collect$$libshutdown$$00000000) refers (Special) to libshutdown2.o(.ARM.Collect$$libshutdown$$00000011) for __rt_lib_shutdown_heap_1
    libshutdown.o(.ARM.Collect$$libshutdown$$00000000) refers (Special) to libshutdown2.o(.ARM.Collect$$libshutdown$$00000012) for __rt_lib_shutdown_return
    libshutdown.o(.ARM.Collect$$libshutdown$$00000000) refers (Special) to libshutdown2.o(.ARM.Collect$$libshutdown$$0000000C) for __rt_lib_shutdown_signal_1
    libshutdown.o(.ARM.Collect$$libshutdown$$00000000) refers (Special) to libshutdown2.o(.ARM.Collect$$libshutdown$$00000006) for __rt_lib_shutdown_stdio_1
    libshutdown.o(.ARM.Collect$$libshutdown$$00000000) refers (Special) to libshutdown2.o(.ARM.Collect$$libshutdown$$0000000E) for __rt_lib_shutdown_user_alloc_1
    sys_command.o(.text) refers (Special) to use_no_semi.o(.text) for __I$use$semihosting
    sys_command.o(.text) refers (Special) to indicate_semi.o(.text) for __semihosting_library_function
    defsig_rtmem_outer.o(.text) refers to defsig_rtmem_inner.o(.text) for __rt_SIGRTMEM_inner
    defsig_rtmem_outer.o(.text) refers to defsig_exit.o(.text) for __sig_exit
    defsig_rtmem_formal.o(.text) refers to rt_raise.o(.text) for __rt_raise
    rt_raise.o(.text) refers to __raise.o(.text) for __raise
    rt_raise.o(.text) refers to usart.o(i._sys_exit) for _sys_exit
    defsig_exit.o(.text) refers to usart.o(i._sys_exit) for _sys_exit
    defsig_rtmem_inner.o(.text) refers to defsig_general.o(.text) for __default_signal_display
    __raise.o(.text) refers to defsig.o(CL$$defsig) for __default_signal_handler
    defsig_general.o(.text) refers to usart.o(i._ttywrch) for _ttywrch
    defsig.o(CL$$defsig) refers to defsig_rtmem_inner.o(.text) for __rt_SIGRTMEM_inner
    defsig_abrt_inner.o(.text) refers to defsig_general.o(.text) for __default_signal_display
    defsig_fpe_inner.o(.text) refers to defsig_general.o(.text) for __default_signal_display
    defsig_rtred_inner.o(.text) refers to defsig_general.o(.text) for __default_signal_display
    defsig_stak_inner.o(.text) refers to defsig_general.o(.text) for __default_signal_display
    defsig_pvfn_inner.o(.text) refers to defsig_general.o(.text) for __default_signal_display
    defsig_cppl_inner.o(.text) refers to defsig_general.o(.text) for __default_signal_display
    defsig_segv_inner.o(.text) refers to defsig_general.o(.text) for __default_signal_display
    defsig_other.o(.text) refers to defsig_general.o(.text) for __default_signal_display


==============================================================================

Removing Unused input sections from the image.

    Removing test.o(.rev16_text), (4 bytes).
    Removing test.o(.revsh_text), (4 bytes).
    Removing test.o(.rrx_text), (6 bytes).
    Removing delay.o(.rev16_text), (4 bytes).
    Removing delay.o(.revsh_text), (4 bytes).
    Removing delay.o(.rrx_text), (6 bytes).
    Removing delay.o(i.delay_us), (60 bytes).
    Removing sys.o(.rev16_text), (4 bytes).
    Removing sys.o(.revsh_text), (4 bytes).
    Removing sys.o(.rrx_text), (6 bytes).
    Removing sys.o(.emb_text), (6 bytes).
    Removing sys.o(i.Ex_NVIC_Config), (180 bytes).
    Removing sys.o(i.INTX_DISABLE), (4 bytes).
    Removing sys.o(i.INTX_ENABLE), (4 bytes).
    Removing sys.o(i.Sys_Soft_Reset), (16 bytes).
    Removing sys.o(i.Sys_Standby), (76 bytes).
    Removing sys.o(i.WFI_SET), (4 bytes).
    Removing usart.o(.rev16_text), (4 bytes).
    Removing usart.o(.revsh_text), (4 bytes).
    Removing usart.o(.rrx_text), (6 bytes).
    Removing usart.o(i._ttywrch), (4 bytes).
    Removing led.o(.rev16_text), (4 bytes).
    Removing led.o(.revsh_text), (4 bytes).
    Removing led.o(.rrx_text), (6 bytes).
    Removing sdram.o(.rev16_text), (4 bytes).
    Removing sdram.o(.revsh_text), (4 bytes).
    Removing sdram.o(.rrx_text), (6 bytes).
    Removing sdram.o(i.FMC_SDRAM_ReadBuffer), (22 bytes).
    Removing sdram.o(i.FMC_SDRAM_WriteBuffer), (24 bytes).
    Removing sdram.o(i.SDRAM_Init), (716 bytes).
    Removing sdram.o(i.SDRAM_Send_Cmd), (72 bytes).
    Removing lcd.o(.rev16_text), (4 bytes).
    Removing lcd.o(.revsh_text), (4 bytes).
    Removing lcd.o(.rrx_text), (6 bytes).
    Removing lcd.o(i.LCD_BGR2RGB), (26 bytes).
    Removing lcd.o(i.LCD_Clear), (72 bytes).
    Removing lcd.o(i.LCD_Color_Fill), (124 bytes).
    Removing lcd.o(i.LCD_DisplayOff), (92 bytes).
    Removing lcd.o(i.LCD_DisplayOn), (92 bytes).
    Removing lcd.o(i.LCD_Display_Dir), (384 bytes).
    Removing lcd.o(i.LCD_DrawLine), (176 bytes).
    Removing lcd.o(i.LCD_DrawPoint), (60 bytes).
    Removing lcd.o(i.LCD_DrawRectangle), (64 bytes).
    Removing lcd.o(i.LCD_Draw_Circle), (152 bytes).
    Removing lcd.o(i.LCD_Fast_DrawPoint), (292 bytes).
    Removing lcd.o(i.LCD_Fill), (112 bytes).
    Removing lcd.o(i.LCD_Init), (9616 bytes).
    Removing lcd.o(i.LCD_Pow), (22 bytes).
    Removing lcd.o(i.LCD_RD_DATA), (20 bytes).
    Removing lcd.o(i.LCD_ReadPoint), (204 bytes).
    Removing lcd.o(i.LCD_ReadReg), (22 bytes).
    Removing lcd.o(i.LCD_SSD_BackLightSet), (96 bytes).
    Removing lcd.o(i.LCD_Scan_Dir), (628 bytes).
    Removing lcd.o(i.LCD_SetCursor), (312 bytes).
    Removing lcd.o(i.LCD_Set_Window), (404 bytes).
    Removing lcd.o(i.LCD_ShowChar), (316 bytes).
    Removing lcd.o(i.LCD_ShowNum), (148 bytes).
    Removing lcd.o(i.LCD_ShowString), (102 bytes).
    Removing lcd.o(i.LCD_ShowxNum), (190 bytes).
    Removing lcd.o(i.LCD_WR_DATA), (24 bytes).
    Removing lcd.o(i.LCD_WR_REG), (24 bytes).
    Removing lcd.o(i.LCD_WriteRAM), (12 bytes).
    Removing lcd.o(i.LCD_WriteRAM_Prepare), (20 bytes).
    Removing lcd.o(i.LCD_WriteReg), (16 bytes).
    Removing lcd.o(i.opt_delay), (14 bytes).
    Removing lcd.o(.bss), (14 bytes).
    Removing lcd.o(.constdata), (18240 bytes).
    Removing ltdc.o(.rev16_text), (4 bytes).
    Removing ltdc.o(.revsh_text), (4 bytes).
    Removing ltdc.o(.rrx_text), (6 bytes).
    Removing ltdc.o(i.LTDC_Clear), (36 bytes).
    Removing ltdc.o(i.LTDC_Clk_Set), (152 bytes).
    Removing ltdc.o(i.LTDC_Color_Fill), (340 bytes).
    Removing ltdc.o(i.LTDC_Display_Dir), (44 bytes).
    Removing ltdc.o(i.LTDC_Draw_Point), (80 bytes).
    Removing ltdc.o(i.LTDC_Fill), (328 bytes).
    Removing ltdc.o(i.LTDC_Init), (1012 bytes).
    Removing ltdc.o(i.LTDC_Layer_Parameter_Config), (136 bytes).
    Removing ltdc.o(i.LTDC_Layer_Switch), (96 bytes).
    Removing ltdc.o(i.LTDC_Layer_Window_Config), (312 bytes).
    Removing ltdc.o(i.LTDC_PanelID_Read), (164 bytes).
    Removing ltdc.o(i.LTDC_Read_Point), (80 bytes).
    Removing ltdc.o(i.LTDC_Select_Layer), (12 bytes).
    Removing ltdc.o(i.LTDC_Switch), (40 bytes).
    Removing ltdc.o(.bss), (32 bytes).
    Removing ltdc.o(.data), (8 bytes).
    Removing key.o(.rev16_text), (4 bytes).
    Removing key.o(.revsh_text), (4 bytes).
    Removing key.o(.rrx_text), (6 bytes).
    Removing dma.o(.rev16_text), (4 bytes).
    Removing dma.o(.revsh_text), (4 bytes).
    Removing dma.o(.rrx_text), (6 bytes).

92 unused section(s) (total 36290 bytes) removed from the image.

==============================================================================

Image Symbol Table

    Local Symbols

    Symbol Name                              Value     Ov Type        Size  Object(Section)

    ../clib/angel/boardlib.s                 0x00000000   Number         0  boardshut.o ABSOLUTE
    ../clib/angel/boardlib.s                 0x00000000   Number         0  boardinit1.o ABSOLUTE
    ../clib/angel/boardlib.s                 0x00000000   Number         0  boardinit2.o ABSOLUTE
    ../clib/angel/boardlib.s                 0x00000000   Number         0  boardinit3.o ABSOLUTE
    ../clib/angel/handlers.s                 0x00000000   Number         0  __scatter_zi.o ABSOLUTE
    ../clib/angel/handlers.s                 0x00000000   Number         0  __scatter_copy.o ABSOLUTE
    ../clib/angel/kernel.s                   0x00000000   Number         0  rtexit2.o ABSOLUTE
    ../clib/angel/kernel.s                   0x00000000   Number         0  rtexit.o ABSOLUTE
    ../clib/angel/kernel.s                   0x00000000   Number         0  __rtentry2.o ABSOLUTE
    ../clib/angel/kernel.s                   0x00000000   Number         0  __rtentry.o ABSOLUTE
    ../clib/angel/kernel.s                   0x00000000   Number         0  __rtentry4.o ABSOLUTE
    ../clib/angel/rt.s                       0x00000000   Number         0  rt_raise.o ABSOLUTE
    ../clib/angel/scatter.s                  0x00000000   Number         0  __scatter.o ABSOLUTE
    ../clib/angel/startup.s                  0x00000000   Number         0  __main.o ABSOLUTE
    ../clib/angel/sys.s                      0x00000000   Number         0  sys_stackheap_outer.o ABSOLUTE
    ../clib/angel/sys.s                      0x00000000   Number         0  use_no_semi_2.o ABSOLUTE
    ../clib/angel/sys.s                      0x00000000   Number         0  libspace.o ABSOLUTE
    ../clib/angel/sys.s                      0x00000000   Number         0  indicate_semi.o ABSOLUTE
    ../clib/angel/sys.s                      0x00000000   Number         0  use_no_semi.o ABSOLUTE
    ../clib/angel/sysapp.c                   0x00000000   Number         0  sys_command.o ABSOLUTE
    ../clib/armsys.c                         0x00000000   Number         0  no_argv.o ABSOLUTE
    ../clib/armsys.c                         0x00000000   Number         0  _get_argv_nomalloc.o ABSOLUTE
    ../clib/armsys.c                         0x00000000   Number         0  argv_veneer.o ABSOLUTE
    ../clib/armsys.c                         0x00000000   Number         0  argv_veneer.o ABSOLUTE
    ../clib/heapalloc.c                      0x00000000   Number         0  hrguard.o ABSOLUTE
    ../clib/heapaux.c                        0x00000000   Number         0  heapauxi.o ABSOLUTE
    ../clib/libinit.s                        0x00000000   Number         0  libinit.o ABSOLUTE
    ../clib/libinit.s                        0x00000000   Number         0  libshutdown.o ABSOLUTE
    ../clib/libinit.s                        0x00000000   Number         0  libinit2.o ABSOLUTE
    ../clib/libinit.s                        0x00000000   Number         0  libshutdown2.o ABSOLUTE
    ../clib/printf.c                         0x00000000   Number         0  noretval__2printf.o ABSOLUTE
    ../clib/printf.c                         0x00000000   Number         0  __printf_nopercent.o ABSOLUTE
    ../clib/printf.c                         0x00000000   Number         0  __printf.o ABSOLUTE
    ../clib/printf.c                         0x00000000   Number         0  _printf_hex_ll.o ABSOLUTE
    ../clib/printf.c                         0x00000000   Number         0  _printf_hex_int.o ABSOLUTE
    ../clib/printf.c                         0x00000000   Number         0  _printf_hex_int_ll.o ABSOLUTE
    ../clib/printf.c                         0x00000000   Number         0  _printf_hex_ptr.o ABSOLUTE
    ../clib/printf.c                         0x00000000   Number         0  _printf_hex_int_ptr.o ABSOLUTE
    ../clib/printf.c                         0x00000000   Number         0  _printf_hex_int_ll_ptr.o ABSOLUTE
    ../clib/printf.c                         0x00000000   Number         0  __printf_flags.o ABSOLUTE
    ../clib/printf.c                         0x00000000   Number         0  __printf_flags_ss.o ABSOLUTE
    ../clib/printf.c                         0x00000000   Number         0  __printf_wp.o ABSOLUTE
    ../clib/printf.c                         0x00000000   Number         0  __printf_flags_wp.o ABSOLUTE
    ../clib/printf.c                         0x00000000   Number         0  __printf_ss_wp.o ABSOLUTE
    ../clib/printf.c                         0x00000000   Number         0  __printf_flags_ss_wp.o ABSOLUTE
    ../clib/printf.c                         0x00000000   Number         0  _printf_char_common.o ABSOLUTE
    ../clib/printf.c                         0x00000000   Number         0  _printf_intcommon.o ABSOLUTE
    ../clib/printf.c                         0x00000000   Number         0  _printf_char_file.o ABSOLUTE
    ../clib/printf.c                         0x00000000   Number         0  __printf_ss.o ABSOLUTE
    ../clib/printf.c                         0x00000000   Number         0  _printf_hex_ll_ptr.o ABSOLUTE
    ../clib/printf.c                         0x00000000   Number         0  __2printf.o ABSOLUTE
    ../clib/printf_percent.s                 0x00000000   Number         0  _printf_percent_end.o ABSOLUTE
    ../clib/printf_percent.s                 0x00000000   Number         0  _printf_percent.o ABSOLUTE
    ../clib/printf_percent.s                 0x00000000   Number         0  _printf_x.o ABSOLUTE
    ../clib/signal.c                         0x00000000   Number         0  defsig_cppl_inner.o ABSOLUTE
    ../clib/signal.c                         0x00000000   Number         0  defsig_other.o ABSOLUTE
    ../clib/signal.c                         0x00000000   Number         0  defsig_segv_inner.o ABSOLUTE
    ../clib/signal.c                         0x00000000   Number         0  defsig_pvfn_inner.o ABSOLUTE
    ../clib/signal.c                         0x00000000   Number         0  defsig_stak_inner.o ABSOLUTE
    ../clib/signal.c                         0x00000000   Number         0  defsig_fpe_inner.o ABSOLUTE
    ../clib/signal.c                         0x00000000   Number         0  defsig_rtmem_outer.o ABSOLUTE
    ../clib/signal.c                         0x00000000   Number         0  defsig_abrt_inner.o ABSOLUTE
    ../clib/signal.c                         0x00000000   Number         0  defsig_general.o ABSOLUTE
    ../clib/signal.c                         0x00000000   Number         0  __raise.o ABSOLUTE
    ../clib/signal.c                         0x00000000   Number         0  defsig_rtmem_inner.o ABSOLUTE
    ../clib/signal.c                         0x00000000   Number         0  defsig_exit.o ABSOLUTE
    ../clib/signal.c                         0x00000000   Number         0  defsig_rtred_inner.o ABSOLUTE
    ../clib/signal.c                         0x00000000   Number         0  defsig_rtmem_formal.o ABSOLUTE
    ../clib/signal.s                         0x00000000   Number         0  defsig.o ABSOLUTE
    ../clib/stdio.c                          0x00000000   Number         0  ferror.o ABSOLUTE
    ../clib/stdio.c                          0x00000000   Number         0  ferror_locked.o ABSOLUTE
    ../clib/stdlib.c                         0x00000000   Number         0  exit.o ABSOLUTE
    ../fplib/dfixu.s                         0x00000000   Number         0  dfixu.o ABSOLUTE
    ../fplib/dflt.s                          0x00000000   Number         0  dflt_clz.o ABSOLUTE
    ../fplib/dmul.s                          0x00000000   Number         0  dmul.o ABSOLUTE
    ../fplib/dnaninf.s                       0x00000000   Number         0  dnaninf.o ABSOLUTE
    ../fplib/dretinf.s                       0x00000000   Number         0  dretinf.o ABSOLUTE
    ../fplib/fpinit.s                        0x00000000   Number         0  fpinit.o ABSOLUTE
    ../fplib/usenofp.s                       0x00000000   Number         0  usenofp.o ABSOLUTE
    ..\HARDWARE\DMA\dma.c                    0x00000000   Number         0  dma.o ABSOLUTE
    ..\HARDWARE\KEY\key.c                    0x00000000   Number         0  key.o ABSOLUTE
    ..\HARDWARE\LCD\lcd.c                    0x00000000   Number         0  lcd.o ABSOLUTE
    ..\HARDWARE\LCD\ltdc.c                   0x00000000   Number         0  ltdc.o ABSOLUTE
    ..\HARDWARE\LED\led.c                    0x00000000   Number         0  led.o ABSOLUTE
    ..\HARDWARE\SDRAM\sdram.c                0x00000000   Number         0  sdram.o ABSOLUTE
    ..\SYSTEM\delay\delay.c                  0x00000000   Number         0  delay.o ABSOLUTE
    ..\SYSTEM\sys\sys.c                      0x00000000   Number         0  sys.o ABSOLUTE
    ..\SYSTEM\usart\usart.c                  0x00000000   Number         0  usart.o ABSOLUTE
    ..\\HARDWARE\\DMA\\dma.c                 0x00000000   Number         0  dma.o ABSOLUTE
    ..\\HARDWARE\\KEY\\key.c                 0x00000000   Number         0  key.o ABSOLUTE
    ..\\HARDWARE\\LCD\\lcd.c                 0x00000000   Number         0  lcd.o ABSOLUTE
    ..\\HARDWARE\\LCD\\ltdc.c                0x00000000   Number         0  ltdc.o ABSOLUTE
    ..\\HARDWARE\\LED\\led.c                 0x00000000   Number         0  led.o ABSOLUTE
    ..\\HARDWARE\\SDRAM\\sdram.c             0x00000000   Number         0  sdram.o ABSOLUTE
    ..\\SYSTEM\\delay\\delay.c               0x00000000   Number         0  delay.o ABSOLUTE
    ..\\SYSTEM\\sys\\sys.c                   0x00000000   Number         0  sys.o ABSOLUTE
    ..\\SYSTEM\\usart\\usart.c               0x00000000   Number         0  usart.o ABSOLUTE
    dc.s                                     0x00000000   Number         0  dc.o ABSOLUTE
    startup_stm32f429xx.s                    0x00000000   Number         0  startup_stm32f429xx.o ABSOLUTE
    test.c                                   0x00000000   Number         0  test.o ABSOLUTE
    test.c                                   0x00000000   Number         0  test.o ABSOLUTE
    RESET                                    0x08000000   Section      428  startup_stm32f429xx.o(RESET)
    !!!main                                  0x080001ac   Section        8  __main.o(!!!main)
    !!!scatter                               0x080001b4   Section       52  __scatter.o(!!!scatter)
    !!handler_copy                           0x080001e8   Section       26  __scatter_copy.o(!!handler_copy)
    !!handler_zi                             0x08000204   Section       28  __scatter_zi.o(!!handler_zi)
    .ARM.Collect$$_printf_percent$$00000000  0x08000220   Section        0  _printf_percent.o(.ARM.Collect$$_printf_percent$$00000000)
    .ARM.Collect$$_printf_percent$$00000017  0x08000220   Section        4  _printf_percent_end.o(.ARM.Collect$$_printf_percent$$00000017)
    .ARM.Collect$$libinit$$00000000          0x08000224   Section        2  libinit.o(.ARM.Collect$$libinit$$00000000)
    .ARM.Collect$$libinit$$00000001          0x08000226   Section        4  libinit2.o(.ARM.Collect$$libinit$$00000001)
    .ARM.Collect$$libinit$$00000004          0x0800022a   Section        0  libinit2.o(.ARM.Collect$$libinit$$00000004)
    .ARM.Collect$$libinit$$0000000A          0x0800022a   Section        0  libinit2.o(.ARM.Collect$$libinit$$0000000A)
    .ARM.Collect$$libinit$$0000000C          0x0800022a   Section        0  libinit2.o(.ARM.Collect$$libinit$$0000000C)
    .ARM.Collect$$libinit$$0000000E          0x0800022a   Section        0  libinit2.o(.ARM.Collect$$libinit$$0000000E)
    .ARM.Collect$$libinit$$00000011          0x0800022a   Section        0  libinit2.o(.ARM.Collect$$libinit$$00000011)
    .ARM.Collect$$libinit$$00000013          0x0800022a   Section        0  libinit2.o(.ARM.Collect$$libinit$$00000013)
    .ARM.Collect$$libinit$$00000015          0x0800022a   Section        0  libinit2.o(.ARM.Collect$$libinit$$00000015)
    .ARM.Collect$$libinit$$00000017          0x0800022a   Section        0  libinit2.o(.ARM.Collect$$libinit$$00000017)
    .ARM.Collect$$libinit$$00000019          0x0800022a   Section        0  libinit2.o(.ARM.Collect$$libinit$$00000019)
    .ARM.Collect$$libinit$$0000001B          0x0800022a   Section        0  libinit2.o(.ARM.Collect$$libinit$$0000001B)
    .ARM.Collect$$libinit$$0000001D          0x0800022a   Section        0  libinit2.o(.ARM.Collect$$libinit$$0000001D)
    .ARM.Collect$$libinit$$0000001F          0x0800022a   Section        0  libinit2.o(.ARM.Collect$$libinit$$0000001F)
    .ARM.Collect$$libinit$$00000021          0x0800022a   Section        0  libinit2.o(.ARM.Collect$$libinit$$00000021)
    .ARM.Collect$$libinit$$00000023          0x0800022a   Section        0  libinit2.o(.ARM.Collect$$libinit$$00000023)
    .ARM.Collect$$libinit$$00000025          0x0800022a   Section        0  libinit2.o(.ARM.Collect$$libinit$$00000025)
    .ARM.Collect$$libinit$$0000002C          0x0800022a   Section        0  libinit2.o(.ARM.Collect$$libinit$$0000002C)
    .ARM.Collect$$libinit$$0000002E          0x0800022a   Section        0  libinit2.o(.ARM.Collect$$libinit$$0000002E)
    .ARM.Collect$$libinit$$00000030          0x0800022a   Section        0  libinit2.o(.ARM.Collect$$libinit$$00000030)
    .ARM.Collect$$libinit$$00000032          0x0800022a   Section        0  libinit2.o(.ARM.Collect$$libinit$$00000032)
    .ARM.Collect$$libinit$$00000033          0x0800022a   Section        2  libinit2.o(.ARM.Collect$$libinit$$00000033)
    .ARM.Collect$$libshutdown$$00000000      0x0800022c   Section        2  libshutdown.o(.ARM.Collect$$libshutdown$$00000000)
    .ARM.Collect$$libshutdown$$00000002      0x0800022e   Section        0  libshutdown2.o(.ARM.Collect$$libshutdown$$00000002)
    .ARM.Collect$$libshutdown$$00000004      0x0800022e   Section        0  libshutdown2.o(.ARM.Collect$$libshutdown$$00000004)
    .ARM.Collect$$libshutdown$$00000006      0x0800022e   Section        0  libshutdown2.o(.ARM.Collect$$libshutdown$$00000006)
    .ARM.Collect$$libshutdown$$00000009      0x0800022e   Section        0  libshutdown2.o(.ARM.Collect$$libshutdown$$00000009)
    .ARM.Collect$$libshutdown$$0000000C      0x0800022e   Section        0  libshutdown2.o(.ARM.Collect$$libshutdown$$0000000C)
    .ARM.Collect$$libshutdown$$0000000E      0x0800022e   Section        0  libshutdown2.o(.ARM.Collect$$libshutdown$$0000000E)
    .ARM.Collect$$libshutdown$$00000011      0x0800022e   Section        0  libshutdown2.o(.ARM.Collect$$libshutdown$$00000011)
    .ARM.Collect$$libshutdown$$00000012      0x0800022e   Section        2  libshutdown2.o(.ARM.Collect$$libshutdown$$00000012)
    .ARM.Collect$$rtentry$$00000000          0x08000230   Section        0  __rtentry.o(.ARM.Collect$$rtentry$$00000000)
    .ARM.Collect$$rtentry$$00000002          0x08000230   Section        0  __rtentry2.o(.ARM.Collect$$rtentry$$00000002)
    .ARM.Collect$$rtentry$$00000004          0x08000230   Section        6  __rtentry4.o(.ARM.Collect$$rtentry$$00000004)
    .ARM.Collect$$rtentry$$00000009          0x08000236   Section        0  __rtentry2.o(.ARM.Collect$$rtentry$$00000009)
    .ARM.Collect$$rtentry$$0000000A          0x08000236   Section        4  __rtentry2.o(.ARM.Collect$$rtentry$$0000000A)
    .ARM.Collect$$rtentry$$0000000C          0x0800023a   Section        0  __rtentry2.o(.ARM.Collect$$rtentry$$0000000C)
    .ARM.Collect$$rtentry$$0000000D          0x0800023a   Section        8  __rtentry2.o(.ARM.Collect$$rtentry$$0000000D)
    .ARM.Collect$$rtexit$$00000000           0x08000242   Section        2  rtexit.o(.ARM.Collect$$rtexit$$00000000)
    .ARM.Collect$$rtexit$$00000002           0x08000244   Section        0  rtexit2.o(.ARM.Collect$$rtexit$$00000002)
    .ARM.Collect$$rtexit$$00000003           0x08000244   Section        4  rtexit2.o(.ARM.Collect$$rtexit$$00000003)
    .ARM.Collect$$rtexit$$00000004           0x08000248   Section        6  rtexit2.o(.ARM.Collect$$rtexit$$00000004)
    .text                                    0x08000250   Section       68  startup_stm32f429xx.o(.text)
    $v0                                      0x08000250   Number         0  startup_stm32f429xx.o(.text)
    .text                                    0x08000294   Section        2  use_no_semi_2.o(.text)
    .text                                    0x08000298   Section        0  noretval__2printf.o(.text)
    .text                                    0x080002b0   Section        0  __printf.o(.text)
    .text                                    0x08000318   Section        0  heapauxi.o(.text)
    .text                                    0x0800031e   Section        2  use_no_semi.o(.text)
    .text                                    0x08000320   Section        0  _printf_char_file.o(.text)
    .text                                    0x08000344   Section        0  _printf_char_common.o(.text)
    _printf_input_char                       0x08000345   Thumb Code    10  _printf_char_common.o(.text)
    .text                                    0x08000374   Section        0  ferror.o(.text)
    .text                                    0x0800037c   Section       74  sys_stackheap_outer.o(.text)
    .text                                    0x080003c6   Section        0  exit.o(.text)
    .text                                    0x080003d8   Section        8  libspace.o(.text)
    i.GPIO_AF_Set                            0x080003e0   Section        0  sys.o(i.GPIO_AF_Set)
    i.GPIO_Set                               0x08000420   Section        0  sys.o(i.GPIO_Set)
    i.KEY_Init                               0x08000500   Section        0  key.o(i.KEY_Init)
    i.KEY_Scan                               0x08000570   Section        0  key.o(i.KEY_Scan)
    i.LED_Init                               0x08000610   Section        0  led.o(i.LED_Init)
    i.MYDMA_Config                           0x08000650   Section        0  dma.o(i.MYDMA_Config)
    i.MYDMA_Enable                           0x08000778   Section        0  dma.o(i.MYDMA_Enable)
    i.MY_NVIC_Init                           0x08000798   Section        0  sys.o(i.MY_NVIC_Init)
    i.MY_NVIC_PriorityGroupConfig            0x08000810   Section        0  sys.o(i.MY_NVIC_PriorityGroupConfig)
    i.MY_NVIC_SetVectorTable                 0x08000838   Section        0  sys.o(i.MY_NVIC_SetVectorTable)
    i.Stm32_Clock_Init                       0x08000848   Section        0  sys.o(i.Stm32_Clock_Init)
    i.Sys_Clock_Set                          0x080008b0   Section        0  sys.o(i.Sys_Clock_Set)
    i.USART1_IRQHandler                      0x080009bc   Section        0  usart.o(i.USART1_IRQHandler)
    i._sys_exit                              0x08000a3c   Section        0  usart.o(i._sys_exit)
    i.delay_init                             0x08000a40   Section        0  delay.o(i.delay_init)
    i.delay_ms                               0x08000a78   Section        0  delay.o(i.delay_ms)
    i.delay_xms                              0x08000ab0   Section        0  delay.o(i.delay_xms)
    i.fputc                                  0x08000aec   Section        0  usart.o(i.fputc)
    i.main                                   0x08000b08   Section        0  test.o(i.main)
    i.uart_init                              0x08000bfc   Section        0  usart.o(i.uart_init)
    x$fpl$fpinit                             0x08000cfc   Section       10  fpinit.o(x$fpl$fpinit)
    $v0                                      0x08000cfc   Number         0  fpinit.o(x$fpl$fpinit)
    .constdata                               0x08000d06   Section       37  test.o(.constdata)
    .data                                    0x20000000   Section        4  delay.o(.data)
    fac_us                                   0x20000000   Data           1  delay.o(.data)
    fac_ms                                   0x20000002   Data           2  delay.o(.data)
    .data                                    0x20000004   Section        6  usart.o(.data)
    .data                                    0x2000000c   Section        8  lcd.o(.data)
    .data                                    0x20000014   Section        1  key.o(.data)
    key_up                                   0x20000014   Data           1  key.o(.data)
    .bss                                     0x20000018   Section     7800  test.o(.bss)
    .bss                                     0x20001e90   Section      200  usart.o(.bss)
    .bss                                     0x20001f58   Section       96  libspace.o(.bss)
    HEAP                                     0x20001fb8   Section        0  startup_stm32f429xx.o(HEAP)
    STACK                                    0x20001fb8   Section     2048  startup_stm32f429xx.o(STACK)
    Heap_Mem                                 0x20001fb8   Data           0  startup_stm32f429xx.o(HEAP)
    Stack_Mem                                0x20001fb8   Data        2048  startup_stm32f429xx.o(STACK)
    __initial_sp                             0x200027b8   Data           0  startup_stm32f429xx.o(STACK)
    .ARM.__AT_0xC0000000                     0xc0000000   Section    2048000  ltdc.o(.ARM.__AT_0xC0000000)

    Global Symbols

    Symbol Name                              Value     Ov Type        Size  Object(Section)

    BuildAttributes$$THM_ISAv4$E$P$D$K$B$S$7EM$VFPi3$EXTD16$VFPS$VFMA$PE$A:L22UL41UL21$X:L11$S22US41US21$IEEE1$IW$USESV6$~STKCKD$USESV7$~SHL$OSPACE$ROPI$EBA8$UX$STANDARDLIB$REQ8$PRES8$EABIv2 0x00000000   Number         0  anon$$obj.o ABSOLUTE
    __ARM_use_no_argv                        0x00000000   Number         0  test.o ABSOLUTE
    __ARM_exceptions_init                     - Undefined Weak Reference
    __alloca_initialize                       - Undefined Weak Reference
    __arm_fini_                               - Undefined Weak Reference
    __arm_preinit_                            - Undefined Weak Reference
    __cpp_initialize__aeabi_                  - Undefined Weak Reference
    __cxa_finalize                            - Undefined Weak Reference
    __rt_locale                               - Undefined Weak Reference
    __sigvec_lookup                           - Undefined Weak Reference
    _atexit_init                              - Undefined Weak Reference
    _call_atexit_fns                          - Undefined Weak Reference
    _clock_init                               - Undefined Weak Reference
    _fp_trap_init                             - Undefined Weak Reference
    _fp_trap_shutdown                         - Undefined Weak Reference
    _get_lc_collate                           - Undefined Weak Reference
    _get_lc_ctype                             - Undefined Weak Reference
    _get_lc_monetary                          - Undefined Weak Reference
    _get_lc_numeric                           - Undefined Weak Reference
    _get_lc_time                              - Undefined Weak Reference
    _getenv_init                              - Undefined Weak Reference
    _handle_redirection                       - Undefined Weak Reference
    _init_alloc                               - Undefined Weak Reference
    _init_user_alloc                          - Undefined Weak Reference
    _initio                                   - Undefined Weak Reference
    _mutex_acquire                            - Undefined Weak Reference
    _mutex_release                            - Undefined Weak Reference
    _printf_post_padding                      - Undefined Weak Reference
    _printf_pre_padding                       - Undefined Weak Reference
    _printf_truncate_unsigned                 - Undefined Weak Reference
    _rand_init                                - Undefined Weak Reference
    _signal_finish                            - Undefined Weak Reference
    _signal_init                              - Undefined Weak Reference
    _terminate_alloc                          - Undefined Weak Reference
    _terminate_user_alloc                     - Undefined Weak Reference
    _terminateio                              - Undefined Weak Reference
    __Vectors_Size                           0x000001ac   Number         0  startup_stm32f429xx.o ABSOLUTE
    __Vectors                                0x08000000   Data           4  startup_stm32f429xx.o(RESET)
    __Vectors_End                            0x080001ac   Data           0  startup_stm32f429xx.o(RESET)
    __main                                   0x080001ad   Thumb Code     8  __main.o(!!!main)
    __scatterload                            0x080001b5   Thumb Code     0  __scatter.o(!!!scatter)
    __scatterload_rt2                        0x080001b5   Thumb Code    44  __scatter.o(!!!scatter)
    __scatterload_rt2_thumb_only             0x080001b5   Thumb Code     0  __scatter.o(!!!scatter)
    __scatterload_null                       0x080001c3   Thumb Code     0  __scatter.o(!!!scatter)
    __scatterload_copy                       0x080001e9   Thumb Code    26  __scatter_copy.o(!!handler_copy)
    __scatterload_zeroinit                   0x08000205   Thumb Code    28  __scatter_zi.o(!!handler_zi)
    _printf_percent                          0x08000221   Thumb Code     0  _printf_percent.o(.ARM.Collect$$_printf_percent$$00000000)
    _printf_percent_end                      0x08000221   Thumb Code     0  _printf_percent_end.o(.ARM.Collect$$_printf_percent$$00000017)
    __rt_lib_init                            0x08000225   Thumb Code     0  libinit.o(.ARM.Collect$$libinit$$00000000)
    __rt_lib_init_fp_1                       0x08000227   Thumb Code     0  libinit2.o(.ARM.Collect$$libinit$$00000001)
    __rt_lib_init_alloca_1                   0x0800022b   Thumb Code     0  libinit2.o(.ARM.Collect$$libinit$$0000002E)
    __rt_lib_init_argv_1                     0x0800022b   Thumb Code     0  libinit2.o(.ARM.Collect$$libinit$$0000002C)
    __rt_lib_init_atexit_1                   0x0800022b   Thumb Code     0  libinit2.o(.ARM.Collect$$libinit$$0000001B)
    __rt_lib_init_clock_1                    0x0800022b   Thumb Code     0  libinit2.o(.ARM.Collect$$libinit$$00000021)
    __rt_lib_init_cpp_1                      0x0800022b   Thumb Code     0  libinit2.o(.ARM.Collect$$libinit$$00000032)
    __rt_lib_init_exceptions_1               0x0800022b   Thumb Code     0  libinit2.o(.ARM.Collect$$libinit$$00000030)
    __rt_lib_init_fp_trap_1                  0x0800022b   Thumb Code     0  libinit2.o(.ARM.Collect$$libinit$$0000001F)
    __rt_lib_init_getenv_1                   0x0800022b   Thumb Code     0  libinit2.o(.ARM.Collect$$libinit$$00000023)
    __rt_lib_init_heap_1                     0x0800022b   Thumb Code     0  libinit2.o(.ARM.Collect$$libinit$$0000000A)
    __rt_lib_init_lc_collate_1               0x0800022b   Thumb Code     0  libinit2.o(.ARM.Collect$$libinit$$00000011)
    __rt_lib_init_lc_ctype_1                 0x0800022b   Thumb Code     0  libinit2.o(.ARM.Collect$$libinit$$00000013)
    __rt_lib_init_lc_monetary_1              0x0800022b   Thumb Code     0  libinit2.o(.ARM.Collect$$libinit$$00000015)
    __rt_lib_init_lc_numeric_1               0x0800022b   Thumb Code     0  libinit2.o(.ARM.Collect$$libinit$$00000017)
    __rt_lib_init_lc_time_1                  0x0800022b   Thumb Code     0  libinit2.o(.ARM.Collect$$libinit$$00000019)
    __rt_lib_init_preinit_1                  0x0800022b   Thumb Code     0  libinit2.o(.ARM.Collect$$libinit$$00000004)
    __rt_lib_init_rand_1                     0x0800022b   Thumb Code     0  libinit2.o(.ARM.Collect$$libinit$$0000000E)
    __rt_lib_init_return                     0x0800022b   Thumb Code     0  libinit2.o(.ARM.Collect$$libinit$$00000033)
    __rt_lib_init_signal_1                   0x0800022b   Thumb Code     0  libinit2.o(.ARM.Collect$$libinit$$0000001D)
    __rt_lib_init_stdio_1                    0x0800022b   Thumb Code     0  libinit2.o(.ARM.Collect$$libinit$$00000025)
    __rt_lib_init_user_alloc_1               0x0800022b   Thumb Code     0  libinit2.o(.ARM.Collect$$libinit$$0000000C)
    __rt_lib_shutdown                        0x0800022d   Thumb Code     0  libshutdown.o(.ARM.Collect$$libshutdown$$00000000)
    __rt_lib_shutdown_cpp_1                  0x0800022f   Thumb Code     0  libshutdown2.o(.ARM.Collect$$libshutdown$$00000004)
    __rt_lib_shutdown_fini_1                 0x0800022f   Thumb Code     0  libshutdown2.o(.ARM.Collect$$libshutdown$$00000002)
    __rt_lib_shutdown_fp_trap_1              0x0800022f   Thumb Code     0  libshutdown2.o(.ARM.Collect$$libshutdown$$00000009)
    __rt_lib_shutdown_heap_1                 0x0800022f   Thumb Code     0  libshutdown2.o(.ARM.Collect$$libshutdown$$00000011)
    __rt_lib_shutdown_return                 0x0800022f   Thumb Code     0  libshutdown2.o(.ARM.Collect$$libshutdown$$00000012)
    __rt_lib_shutdown_signal_1               0x0800022f   Thumb Code     0  libshutdown2.o(.ARM.Collect$$libshutdown$$0000000C)
    __rt_lib_shutdown_stdio_1                0x0800022f   Thumb Code     0  libshutdown2.o(.ARM.Collect$$libshutdown$$00000006)
    __rt_lib_shutdown_user_alloc_1           0x0800022f   Thumb Code     0  libshutdown2.o(.ARM.Collect$$libshutdown$$0000000E)
    __rt_entry                               0x08000231   Thumb Code     0  __rtentry.o(.ARM.Collect$$rtentry$$00000000)
    __rt_entry_presh_1                       0x08000231   Thumb Code     0  __rtentry2.o(.ARM.Collect$$rtentry$$00000002)
    __rt_entry_sh                            0x08000231   Thumb Code     0  __rtentry4.o(.ARM.Collect$$rtentry$$00000004)
    __rt_entry_li                            0x08000237   Thumb Code     0  __rtentry2.o(.ARM.Collect$$rtentry$$0000000A)
    __rt_entry_postsh_1                      0x08000237   Thumb Code     0  __rtentry2.o(.ARM.Collect$$rtentry$$00000009)
    __rt_entry_main                          0x0800023b   Thumb Code     0  __rtentry2.o(.ARM.Collect$$rtentry$$0000000D)
    __rt_entry_postli_1                      0x0800023b   Thumb Code     0  __rtentry2.o(.ARM.Collect$$rtentry$$0000000C)
    __rt_exit                                0x08000243   Thumb Code     0  rtexit.o(.ARM.Collect$$rtexit$$00000000)
    __rt_exit_ls                             0x08000245   Thumb Code     0  rtexit2.o(.ARM.Collect$$rtexit$$00000003)
    __rt_exit_prels_1                        0x08000245   Thumb Code     0  rtexit2.o(.ARM.Collect$$rtexit$$00000002)
    __rt_exit_exit                           0x08000249   Thumb Code     0  rtexit2.o(.ARM.Collect$$rtexit$$00000004)
    Reset_Handler                            0x08000251   Thumb Code    14  startup_stm32f429xx.o(.text)
    NMI_Handler                              0x0800025f   Thumb Code     2  startup_stm32f429xx.o(.text)
    HardFault_Handler                        0x08000261   Thumb Code     2  startup_stm32f429xx.o(.text)
    MemManage_Handler                        0x08000263   Thumb Code     2  startup_stm32f429xx.o(.text)
    BusFault_Handler                         0x08000265   Thumb Code     2  startup_stm32f429xx.o(.text)
    UsageFault_Handler                       0x08000267   Thumb Code     2  startup_stm32f429xx.o(.text)
    SVC_Handler                              0x08000269   Thumb Code     2  startup_stm32f429xx.o(.text)
    DebugMon_Handler                         0x0800026b   Thumb Code     2  startup_stm32f429xx.o(.text)
    PendSV_Handler                           0x0800026d   Thumb Code     2  startup_stm32f429xx.o(.text)
    SysTick_Handler                          0x0800026f   Thumb Code     2  startup_stm32f429xx.o(.text)
    ADC_IRQHandler                           0x08000271   Thumb Code     0  startup_stm32f429xx.o(.text)
    CAN1_RX0_IRQHandler                      0x08000271   Thumb Code     0  startup_stm32f429xx.o(.text)
    CAN1_RX1_IRQHandler                      0x08000271   Thumb Code     0  startup_stm32f429xx.o(.text)
    CAN1_SCE_IRQHandler                      0x08000271   Thumb Code     0  startup_stm32f429xx.o(.text)
    CAN1_TX_IRQHandler                       0x08000271   Thumb Code     0  startup_stm32f429xx.o(.text)
    CAN2_RX0_IRQHandler                      0x08000271   Thumb Code     0  startup_stm32f429xx.o(.text)
    CAN2_RX1_IRQHandler                      0x08000271   Thumb Code     0  startup_stm32f429xx.o(.text)
    CAN2_SCE_IRQHandler                      0x08000271   Thumb Code     0  startup_stm32f429xx.o(.text)
    CAN2_TX_IRQHandler                       0x08000271   Thumb Code     0  startup_stm32f429xx.o(.text)
    DCMI_IRQHandler                          0x08000271   Thumb Code     0  startup_stm32f429xx.o(.text)
    DMA1_Stream0_IRQHandler                  0x08000271   Thumb Code     0  startup_stm32f429xx.o(.text)
    DMA1_Stream1_IRQHandler                  0x08000271   Thumb Code     0  startup_stm32f429xx.o(.text)
    DMA1_Stream2_IRQHandler                  0x08000271   Thumb Code     0  startup_stm32f429xx.o(.text)
    DMA1_Stream3_IRQHandler                  0x08000271   Thumb Code     0  startup_stm32f429xx.o(.text)
    DMA1_Stream4_IRQHandler                  0x08000271   Thumb Code     0  startup_stm32f429xx.o(.text)
    DMA1_Stream5_IRQHandler                  0x08000271   Thumb Code     0  startup_stm32f429xx.o(.text)
    DMA1_Stream6_IRQHandler                  0x08000271   Thumb Code     0  startup_stm32f429xx.o(.text)
    DMA1_Stream7_IRQHandler                  0x08000271   Thumb Code     0  startup_stm32f429xx.o(.text)
    DMA2D_IRQHandler                         0x08000271   Thumb Code     0  startup_stm32f429xx.o(.text)
    DMA2_Stream0_IRQHandler                  0x08000271   Thumb Code     0  startup_stm32f429xx.o(.text)
    DMA2_Stream1_IRQHandler                  0x08000271   Thumb Code     0  startup_stm32f429xx.o(.text)
    DMA2_Stream2_IRQHandler                  0x08000271   Thumb Code     0  startup_stm32f429xx.o(.text)
    DMA2_Stream3_IRQHandler                  0x08000271   Thumb Code     0  startup_stm32f429xx.o(.text)
    DMA2_Stream4_IRQHandler                  0x08000271   Thumb Code     0  startup_stm32f429xx.o(.text)
    DMA2_Stream5_IRQHandler                  0x08000271   Thumb Code     0  startup_stm32f429xx.o(.text)
    DMA2_Stream6_IRQHandler                  0x08000271   Thumb Code     0  startup_stm32f429xx.o(.text)
    DMA2_Stream7_IRQHandler                  0x08000271   Thumb Code     0  startup_stm32f429xx.o(.text)
    ETH_IRQHandler                           0x08000271   Thumb Code     0  startup_stm32f429xx.o(.text)
    ETH_WKUP_IRQHandler                      0x08000271   Thumb Code     0  startup_stm32f429xx.o(.text)
    EXTI0_IRQHandler                         0x08000271   Thumb Code     0  startup_stm32f429xx.o(.text)
    EXTI15_10_IRQHandler                     0x08000271   Thumb Code     0  startup_stm32f429xx.o(.text)
    EXTI1_IRQHandler                         0x08000271   Thumb Code     0  startup_stm32f429xx.o(.text)
    EXTI2_IRQHandler                         0x08000271   Thumb Code     0  startup_stm32f429xx.o(.text)
    EXTI3_IRQHandler                         0x08000271   Thumb Code     0  startup_stm32f429xx.o(.text)
    EXTI4_IRQHandler                         0x08000271   Thumb Code     0  startup_stm32f429xx.o(.text)
    EXTI9_5_IRQHandler                       0x08000271   Thumb Code     0  startup_stm32f429xx.o(.text)
    FLASH_IRQHandler                         0x08000271   Thumb Code     0  startup_stm32f429xx.o(.text)
    FMC_IRQHandler                           0x08000271   Thumb Code     0  startup_stm32f429xx.o(.text)
    FPU_IRQHandler                           0x08000271   Thumb Code     0  startup_stm32f429xx.o(.text)
    HASH_RNG_IRQHandler                      0x08000271   Thumb Code     0  startup_stm32f429xx.o(.text)
    I2C1_ER_IRQHandler                       0x08000271   Thumb Code     0  startup_stm32f429xx.o(.text)
    I2C1_EV_IRQHandler                       0x08000271   Thumb Code     0  startup_stm32f429xx.o(.text)
    I2C2_ER_IRQHandler                       0x08000271   Thumb Code     0  startup_stm32f429xx.o(.text)
    I2C2_EV_IRQHandler                       0x08000271   Thumb Code     0  startup_stm32f429xx.o(.text)
    I2C3_ER_IRQHandler                       0x08000271   Thumb Code     0  startup_stm32f429xx.o(.text)
    I2C3_EV_IRQHandler                       0x08000271   Thumb Code     0  startup_stm32f429xx.o(.text)
    LTDC_ER_IRQHandler                       0x08000271   Thumb Code     0  startup_stm32f429xx.o(.text)
    LTDC_IRQHandler                          0x08000271   Thumb Code     0  startup_stm32f429xx.o(.text)
    OTG_FS_IRQHandler                        0x08000271   Thumb Code     0  startup_stm32f429xx.o(.text)
    OTG_FS_WKUP_IRQHandler                   0x08000271   Thumb Code     0  startup_stm32f429xx.o(.text)
    OTG_HS_EP1_IN_IRQHandler                 0x08000271   Thumb Code     0  startup_stm32f429xx.o(.text)
    OTG_HS_EP1_OUT_IRQHandler                0x08000271   Thumb Code     0  startup_stm32f429xx.o(.text)
    OTG_HS_IRQHandler                        0x08000271   Thumb Code     0  startup_stm32f429xx.o(.text)
    OTG_HS_WKUP_IRQHandler                   0x08000271   Thumb Code     0  startup_stm32f429xx.o(.text)
    PVD_IRQHandler                           0x08000271   Thumb Code     0  startup_stm32f429xx.o(.text)
    RCC_IRQHandler                           0x08000271   Thumb Code     0  startup_stm32f429xx.o(.text)
    RTC_Alarm_IRQHandler                     0x08000271   Thumb Code     0  startup_stm32f429xx.o(.text)
    RTC_WKUP_IRQHandler                      0x08000271   Thumb Code     0  startup_stm32f429xx.o(.text)
    SAI1_IRQHandler                          0x08000271   Thumb Code     0  startup_stm32f429xx.o(.text)
    SDIO_IRQHandler                          0x08000271   Thumb Code     0  startup_stm32f429xx.o(.text)
    SPI1_IRQHandler                          0x08000271   Thumb Code     0  startup_stm32f429xx.o(.text)
    SPI2_IRQHandler                          0x08000271   Thumb Code     0  startup_stm32f429xx.o(.text)
    SPI3_IRQHandler                          0x08000271   Thumb Code     0  startup_stm32f429xx.o(.text)
    SPI4_IRQHandler                          0x08000271   Thumb Code     0  startup_stm32f429xx.o(.text)
    SPI5_IRQHandler                          0x08000271   Thumb Code     0  startup_stm32f429xx.o(.text)
    SPI6_IRQHandler                          0x08000271   Thumb Code     0  startup_stm32f429xx.o(.text)
    TAMP_STAMP_IRQHandler                    0x08000271   Thumb Code     0  startup_stm32f429xx.o(.text)
    TIM1_BRK_TIM9_IRQHandler                 0x08000271   Thumb Code     0  startup_stm32f429xx.o(.text)
    TIM1_CC_IRQHandler                       0x08000271   Thumb Code     0  startup_stm32f429xx.o(.text)
    TIM1_TRG_COM_TIM11_IRQHandler            0x08000271   Thumb Code     0  startup_stm32f429xx.o(.text)
    TIM1_UP_TIM10_IRQHandler                 0x08000271   Thumb Code     0  startup_stm32f429xx.o(.text)
    TIM2_IRQHandler                          0x08000271   Thumb Code     0  startup_stm32f429xx.o(.text)
    TIM3_IRQHandler                          0x08000271   Thumb Code     0  startup_stm32f429xx.o(.text)
    TIM4_IRQHandler                          0x08000271   Thumb Code     0  startup_stm32f429xx.o(.text)
    TIM5_IRQHandler                          0x08000271   Thumb Code     0  startup_stm32f429xx.o(.text)
    TIM6_DAC_IRQHandler                      0x08000271   Thumb Code     0  startup_stm32f429xx.o(.text)
    TIM7_IRQHandler                          0x08000271   Thumb Code     0  startup_stm32f429xx.o(.text)
    TIM8_BRK_TIM12_IRQHandler                0x08000271   Thumb Code     0  startup_stm32f429xx.o(.text)
    TIM8_CC_IRQHandler                       0x08000271   Thumb Code     0  startup_stm32f429xx.o(.text)
    TIM8_TRG_COM_TIM14_IRQHandler            0x08000271   Thumb Code     0  startup_stm32f429xx.o(.text)
    TIM8_UP_TIM13_IRQHandler                 0x08000271   Thumb Code     0  startup_stm32f429xx.o(.text)
    UART4_IRQHandler                         0x08000271   Thumb Code     0  startup_stm32f429xx.o(.text)
    UART5_IRQHandler                         0x08000271   Thumb Code     0  startup_stm32f429xx.o(.text)
    UART7_IRQHandler                         0x08000271   Thumb Code     0  startup_stm32f429xx.o(.text)
    UART8_IRQHandler                         0x08000271   Thumb Code     0  startup_stm32f429xx.o(.text)
    USART2_IRQHandler                        0x08000271   Thumb Code     0  startup_stm32f429xx.o(.text)
    USART3_IRQHandler                        0x08000271   Thumb Code     0  startup_stm32f429xx.o(.text)
    USART6_IRQHandler                        0x08000271   Thumb Code     0  startup_stm32f429xx.o(.text)
    WWDG_IRQHandler                          0x08000271   Thumb Code     0  startup_stm32f429xx.o(.text)
    __user_initial_stackheap                 0x08000275   Thumb Code     0  startup_stm32f429xx.o(.text)
    __use_no_semihosting                     0x08000295   Thumb Code     2  use_no_semi_2.o(.text)
    __2printf                                0x08000299   Thumb Code    20  noretval__2printf.o(.text)
    __printf                                 0x080002b1   Thumb Code   104  __printf.o(.text)
    __use_two_region_memory                  0x08000319   Thumb Code     2  heapauxi.o(.text)
    __rt_heap_escrow$2region                 0x0800031b   Thumb Code     2  heapauxi.o(.text)
    __rt_heap_expand$2region                 0x0800031d   Thumb Code     2  heapauxi.o(.text)
    __I$use$semihosting                      0x0800031f   Thumb Code     0  use_no_semi.o(.text)
    __use_no_semihosting_swi                 0x0800031f   Thumb Code     2  use_no_semi.o(.text)
    _printf_char_file                        0x08000321   Thumb Code    32  _printf_char_file.o(.text)
    _printf_char_common                      0x0800034f   Thumb Code    32  _printf_char_common.o(.text)
    ferror                                   0x08000375   Thumb Code     8  ferror.o(.text)
    __user_setup_stackheap                   0x0800037d   Thumb Code    74  sys_stackheap_outer.o(.text)
    exit                                     0x080003c7   Thumb Code    18  exit.o(.text)
    __user_libspace                          0x080003d9   Thumb Code     8  libspace.o(.text)
    __user_perproc_libspace                  0x080003d9   Thumb Code     0  libspace.o(.text)
    __user_perthread_libspace                0x080003d9   Thumb Code     0  libspace.o(.text)
    GPIO_AF_Set                              0x080003e1   Thumb Code    64  sys.o(i.GPIO_AF_Set)
    GPIO_Set                                 0x08000421   Thumb Code   222  sys.o(i.GPIO_Set)
    KEY_Init                                 0x08000501   Thumb Code    96  key.o(i.KEY_Init)
    KEY_Scan                                 0x08000571   Thumb Code   144  key.o(i.KEY_Scan)
    LED_Init                                 0x08000611   Thumb Code    46  led.o(i.LED_Init)
    MYDMA_Config                             0x08000651   Thumb Code   284  dma.o(i.MYDMA_Config)
    MYDMA_Enable                             0x08000779   Thumb Code    32  dma.o(i.MYDMA_Enable)
    MY_NVIC_Init                             0x08000799   Thumb Code   116  sys.o(i.MY_NVIC_Init)
    MY_NVIC_PriorityGroupConfig              0x08000811   Thumb Code    32  sys.o(i.MY_NVIC_PriorityGroupConfig)
    MY_NVIC_SetVectorTable                   0x08000839   Thumb Code    12  sys.o(i.MY_NVIC_SetVectorTable)
    Stm32_Clock_Init                         0x08000849   Thumb Code    90  sys.o(i.Stm32_Clock_Init)
    Sys_Clock_Set                            0x080008b1   Thumb Code   254  sys.o(i.Sys_Clock_Set)
    USART1_IRQHandler                        0x080009bd   Thumb Code   116  usart.o(i.USART1_IRQHandler)
    _sys_exit                                0x08000a3d   Thumb Code     4  usart.o(i._sys_exit)
    delay_init                               0x08000a41   Thumb Code    46  delay.o(i.delay_init)
    delay_ms                                 0x08000a79   Thumb Code    56  delay.o(i.delay_ms)
    delay_xms                                0x08000ab1   Thumb Code    56  delay.o(i.delay_xms)
    fputc                                    0x08000aed   Thumb Code    22  usart.o(i.fputc)
    main                                     0x08000b09   Thumb Code   204  test.o(i.main)
    uart_init                                0x08000bfd   Thumb Code   240  usart.o(i.uart_init)
    _fp_init                                 0x08000cfd   Thumb Code    10  fpinit.o(x$fpl$fpinit)
    __fplib_config_fpu_vfp                   0x08000d05   Thumb Code     0  fpinit.o(x$fpl$fpinit)
    __fplib_config_pureend_doubles           0x08000d05   Thumb Code     0  fpinit.o(x$fpl$fpinit)
    TEXT_TO_SEND                             0x08000d06   Data          37  test.o(.constdata)
    Region$$Table$$Base                      0x08000d2c   Number         0  anon$$obj.o(Region$$Table)
    Region$$Table$$Limit                     0x08000d4c   Number         0  anon$$obj.o(Region$$Table)
    __stdout                                 0x20000004   Data           4  usart.o(.data)
    USART_RX_STA                             0x20000008   Data           2  usart.o(.data)
    POINT_COLOR                              0x2000000c   Data           4  lcd.o(.data)
    BACK_COLOR                               0x20000010   Data           4  lcd.o(.data)
    SendBuff                                 0x20000018   Data        7800  test.o(.bss)
    USART_RX_BUF                             0x20001e90   Data         200  usart.o(.bss)
    __libspace_start                         0x20001f58   Data          96  libspace.o(.bss)
    __temporary_stack_top$libspace           0x20001fb8   Data           0  libspace.o(.bss)
    ltdc_lcd_framebuf                        0xc0000000   Data       2048000  ltdc.o(.ARM.__AT_0xC0000000)



==============================================================================

Memory Map of the image

  Image Entry point : 0x080001ad

  Load Region LR_IROM1 (Base: 0x08000000, Size: 0x00000d64, Max: 0x00100000, ABSOLUTE)

    Execution Region ER_IROM1 (Exec base: 0x08000000, Load base: 0x08000000, Size: 0x00000d4c, Max: 0x00100000, ABSOLUTE)

    Exec Addr    Load Addr    Size         Type   Attr      Idx    E Section Name        Object

    0x08000000   0x08000000   0x000001ac   Data   RO            3    RESET               startup_stm32f429xx.o
    0x080001ac   0x080001ac   0x00000008   Code   RO          822  * !!!main             c_w.l(__main.o)
    0x080001b4   0x080001b4   0x00000034   Code   RO         1007    !!!scatter          c_w.l(__scatter.o)
    0x080001e8   0x080001e8   0x0000001a   Code   RO         1009    !!handler_copy      c_w.l(__scatter_copy.o)
    0x08000202   0x08000202   0x00000002   PAD
    0x08000204   0x08000204   0x0000001c   Code   RO         1011    !!handler_zi        c_w.l(__scatter_zi.o)
    0x08000220   0x08000220   0x00000000   Code   RO          819    .ARM.Collect$$_printf_percent$$00000000  c_w.l(_printf_percent.o)
    0x08000220   0x08000220   0x00000004   Code   RO          843    .ARM.Collect$$_printf_percent$$00000017  c_w.l(_printf_percent_end.o)
    0x08000224   0x08000224   0x00000002   Code   RO          881    .ARM.Collect$$libinit$$00000000  c_w.l(libinit.o)
    0x08000226   0x08000226   0x00000004   Code   RO          887    .ARM.Collect$$libinit$$00000001  c_w.l(libinit2.o)
    0x0800022a   0x0800022a   0x00000000   Code   RO          890    .ARM.Collect$$libinit$$00000004  c_w.l(libinit2.o)
    0x0800022a   0x0800022a   0x00000000   Code   RO          893    .ARM.Collect$$libinit$$0000000A  c_w.l(libinit2.o)
    0x0800022a   0x0800022a   0x00000000   Code   RO          895    .ARM.Collect$$libinit$$0000000C  c_w.l(libinit2.o)
    0x0800022a   0x0800022a   0x00000000   Code   RO          897    .ARM.Collect$$libinit$$0000000E  c_w.l(libinit2.o)
    0x0800022a   0x0800022a   0x00000000   Code   RO          900    .ARM.Collect$$libinit$$00000011  c_w.l(libinit2.o)
    0x0800022a   0x0800022a   0x00000000   Code   RO          902    .ARM.Collect$$libinit$$00000013  c_w.l(libinit2.o)
    0x0800022a   0x0800022a   0x00000000   Code   RO          904    .ARM.Collect$$libinit$$00000015  c_w.l(libinit2.o)
    0x0800022a   0x0800022a   0x00000000   Code   RO          906    .ARM.Collect$$libinit$$00000017  c_w.l(libinit2.o)
    0x0800022a   0x0800022a   0x00000000   Code   RO          908    .ARM.Collect$$libinit$$00000019  c_w.l(libinit2.o)
    0x0800022a   0x0800022a   0x00000000   Code   RO          910    .ARM.Collect$$libinit$$0000001B  c_w.l(libinit2.o)
    0x0800022a   0x0800022a   0x00000000   Code   RO          912    .ARM.Collect$$libinit$$0000001D  c_w.l(libinit2.o)
    0x0800022a   0x0800022a   0x00000000   Code   RO          914    .ARM.Collect$$libinit$$0000001F  c_w.l(libinit2.o)
    0x0800022a   0x0800022a   0x00000000   Code   RO          916    .ARM.Collect$$libinit$$00000021  c_w.l(libinit2.o)
    0x0800022a   0x0800022a   0x00000000   Code   RO          918    .ARM.Collect$$libinit$$00000023  c_w.l(libinit2.o)
    0x0800022a   0x0800022a   0x00000000   Code   RO          920    .ARM.Collect$$libinit$$00000025  c_w.l(libinit2.o)
    0x0800022a   0x0800022a   0x00000000   Code   RO          924    .ARM.Collect$$libinit$$0000002C  c_w.l(libinit2.o)
    0x0800022a   0x0800022a   0x00000000   Code   RO          926    .ARM.Collect$$libinit$$0000002E  c_w.l(libinit2.o)
    0x0800022a   0x0800022a   0x00000000   Code   RO          928    .ARM.Collect$$libinit$$00000030  c_w.l(libinit2.o)
    0x0800022a   0x0800022a   0x00000000   Code   RO          930    .ARM.Collect$$libinit$$00000032  c_w.l(libinit2.o)
    0x0800022a   0x0800022a   0x00000002   Code   RO          931    .ARM.Collect$$libinit$$00000033  c_w.l(libinit2.o)
    0x0800022c   0x0800022c   0x00000002   Code   RO          949    .ARM.Collect$$libshutdown$$00000000  c_w.l(libshutdown.o)
    0x0800022e   0x0800022e   0x00000000   Code   RO          959    .ARM.Collect$$libshutdown$$00000002  c_w.l(libshutdown2.o)
    0x0800022e   0x0800022e   0x00000000   Code   RO          961    .ARM.Collect$$libshutdown$$00000004  c_w.l(libshutdown2.o)
    0x0800022e   0x0800022e   0x00000000   Code   RO          963    .ARM.Collect$$libshutdown$$00000006  c_w.l(libshutdown2.o)
    0x0800022e   0x0800022e   0x00000000   Code   RO          966    .ARM.Collect$$libshutdown$$00000009  c_w.l(libshutdown2.o)
    0x0800022e   0x0800022e   0x00000000   Code   RO          969    .ARM.Collect$$libshutdown$$0000000C  c_w.l(libshutdown2.o)
    0x0800022e   0x0800022e   0x00000000   Code   RO          971    .ARM.Collect$$libshutdown$$0000000E  c_w.l(libshutdown2.o)
    0x0800022e   0x0800022e   0x00000000   Code   RO          974    .ARM.Collect$$libshutdown$$00000011  c_w.l(libshutdown2.o)
    0x0800022e   0x0800022e   0x00000002   Code   RO          975    .ARM.Collect$$libshutdown$$00000012  c_w.l(libshutdown2.o)
    0x08000230   0x08000230   0x00000000   Code   RO          838    .ARM.Collect$$rtentry$$00000000  c_w.l(__rtentry.o)
    0x08000230   0x08000230   0x00000000   Code   RO          850    .ARM.Collect$$rtentry$$00000002  c_w.l(__rtentry2.o)
    0x08000230   0x08000230   0x00000006   Code   RO          862    .ARM.Collect$$rtentry$$00000004  c_w.l(__rtentry4.o)
    0x08000236   0x08000236   0x00000000   Code   RO          852    .ARM.Collect$$rtentry$$00000009  c_w.l(__rtentry2.o)
    0x08000236   0x08000236   0x00000004   Code   RO          853    .ARM.Collect$$rtentry$$0000000A  c_w.l(__rtentry2.o)
    0x0800023a   0x0800023a   0x00000000   Code   RO          855    .ARM.Collect$$rtentry$$0000000C  c_w.l(__rtentry2.o)
    0x0800023a   0x0800023a   0x00000008   Code   RO          856    .ARM.Collect$$rtentry$$0000000D  c_w.l(__rtentry2.o)
    0x08000242   0x08000242   0x00000002   Code   RO          885    .ARM.Collect$$rtexit$$00000000  c_w.l(rtexit.o)
    0x08000244   0x08000244   0x00000000   Code   RO          933    .ARM.Collect$$rtexit$$00000002  c_w.l(rtexit2.o)
    0x08000244   0x08000244   0x00000004   Code   RO          934    .ARM.Collect$$rtexit$$00000003  c_w.l(rtexit2.o)
    0x08000248   0x08000248   0x00000006   Code   RO          935    .ARM.Collect$$rtexit$$00000004  c_w.l(rtexit2.o)
    0x0800024e   0x0800024e   0x00000002   PAD
    0x08000250   0x08000250   0x00000044   Code   RO            4    .text               startup_stm32f429xx.o
    0x08000294   0x08000294   0x00000002   Code   RO          769    .text               c_w.l(use_no_semi_2.o)
    0x08000296   0x08000296   0x00000002   PAD
    0x08000298   0x08000298   0x00000018   Code   RO          773    .text               c_w.l(noretval__2printf.o)
    0x080002b0   0x080002b0   0x00000068   Code   RO          775    .text               c_w.l(__printf.o)
    0x08000318   0x08000318   0x00000006   Code   RO          820    .text               c_w.l(heapauxi.o)
    0x0800031e   0x0800031e   0x00000002   Code   RO          836    .text               c_w.l(use_no_semi.o)
    0x08000320   0x08000320   0x00000024   Code   RO          841    .text               c_w.l(_printf_char_file.o)
    0x08000344   0x08000344   0x00000030   Code   RO          864    .text               c_w.l(_printf_char_common.o)
    0x08000374   0x08000374   0x00000008   Code   RO          866    .text               c_w.l(ferror.o)
    0x0800037c   0x0800037c   0x0000004a   Code   RO          870    .text               c_w.l(sys_stackheap_outer.o)
    0x080003c6   0x080003c6   0x00000012   Code   RO          874    .text               c_w.l(exit.o)
    0x080003d8   0x080003d8   0x00000008   Code   RO          882    .text               c_w.l(libspace.o)
    0x080003e0   0x080003e0   0x00000040   Code   RO          154    i.GPIO_AF_Set       sys.o
    0x08000420   0x08000420   0x000000de   Code   RO          155    i.GPIO_Set          sys.o
    0x080004fe   0x080004fe   0x00000002   PAD
    0x08000500   0x08000500   0x00000070   Code   RO          709    i.KEY_Init          key.o
    0x08000570   0x08000570   0x000000a0   Code   RO          710    i.KEY_Scan          key.o
    0x08000610   0x08000610   0x00000040   Code   RO          311    i.LED_Init          led.o
    0x08000650   0x08000650   0x00000128   Code   RO          740    i.MYDMA_Config      dma.o
    0x08000778   0x08000778   0x00000020   Code   RO          741    i.MYDMA_Enable      dma.o
    0x08000798   0x08000798   0x00000078   Code   RO          158    i.MY_NVIC_Init      sys.o
    0x08000810   0x08000810   0x00000028   Code   RO          159    i.MY_NVIC_PriorityGroupConfig  sys.o
    0x08000838   0x08000838   0x00000010   Code   RO          160    i.MY_NVIC_SetVectorTable  sys.o
    0x08000848   0x08000848   0x00000068   Code   RO          161    i.Stm32_Clock_Init  sys.o
    0x080008b0   0x080008b0   0x0000010c   Code   RO          162    i.Sys_Clock_Set     sys.o
    0x080009bc   0x080009bc   0x00000080   Code   RO          252    i.USART1_IRQHandler  usart.o
    0x08000a3c   0x08000a3c   0x00000004   Code   RO          253    i._sys_exit         usart.o
    0x08000a40   0x08000a40   0x00000038   Code   RO          108    i.delay_init        delay.o
    0x08000a78   0x08000a78   0x00000038   Code   RO          109    i.delay_ms          delay.o
    0x08000ab0   0x08000ab0   0x0000003c   Code   RO          111    i.delay_xms         delay.o
    0x08000aec   0x08000aec   0x0000001c   Code   RO          255    i.fputc             usart.o
    0x08000b08   0x08000b08   0x000000f4   Code   RO           13    i.main              test.o
    0x08000bfc   0x08000bfc   0x00000100   Code   RO          256    i.uart_init         usart.o
    0x08000cfc   0x08000cfc   0x0000000a   Code   RO          941    x$fpl$fpinit        fz_wm.l(fpinit.o)
    0x08000d06   0x08000d06   0x00000025   Data   RO           15    .constdata          test.o
    0x08000d2b   0x08000d2b   0x00000001   PAD
    0x08000d2c   0x08000d2c   0x00000020   Data   RO         1005    Region$$Table       anon$$obj.o


    Execution Region RW_IRAM1 (Exec base: 0x20000000, Load base: 0x08000d4c, Size: 0x000027b8, Max: 0x00030000, ABSOLUTE)

    Exec Addr    Load Addr    Size         Type   Attr      Idx    E Section Name        Object

    0x20000000   0x08000d4c   0x00000004   Data   RW          112    .data               delay.o
    0x20000004   0x08000d50   0x00000006   Data   RW          258    .data               usart.o
    0x2000000a   0x08000d56   0x00000002   PAD
    0x2000000c   0x08000d58   0x00000008   Data   RW          410    .data               lcd.o
    0x20000014   0x08000d60   0x00000001   Data   RW          711    .data               key.o
    0x20000015   0x08000d61   0x00000003   PAD
    0x20000018        -       0x00001e78   Zero   RW           14    .bss                test.o
    0x20001e90        -       0x000000c8   Zero   RW          257    .bss                usart.o
    0x20001f58        -       0x00000060   Zero   RW          883    .bss                c_w.l(libspace.o)
    0x20001fb8        -       0x00000000   Zero   RW            2    HEAP                startup_stm32f429xx.o
    0x20001fb8        -       0x00000800   Zero   RW            1    STACK               startup_stm32f429xx.o



  Load Region LR$$.ARM.__AT_0xC0000000 (Base: 0xc0000000, Size: 0x00000000, Max: 0x001f4000, ABSOLUTE)

    Execution Region ER$$.ARM.__AT_0xC0000000 (Exec base: 0xc0000000, Load base: 0xc0000000, Size: 0x001f4000, Max: 0x001f4000, ABSOLUTE, UNINIT)

    Exec Addr    Load Addr    Size         Type   Attr      Idx    E Section Name        Object

    0xc0000000        -       0x001f4000   Zero   RW          613    .ARM.__AT_0xC0000000  ltdc.o


==============================================================================

Image component sizes


      Code (inc. data)   RO Data    RW Data    ZI Data      Debug   Object Name

       172         14          0          4          0       1796   delay.o
       328         12          0          0          0       1622   dma.o
       272         32          0          1          0       1154   key.o
         0          0          0          8          0       2168   lcd.o
        64         18          0          0          0        459   led.o
         0          0          0          0    2048000       1378   ltdc.o
        68         24        428          0       2048        840   startup_stm32f429xx.o
       834         44          0          0          0       4882   sys.o
       244         40         37          0       7800     277299   test.o
       416         34          0          6        200       4092   usart.o

    ----------------------------------------------------------------------
      2400        218        498         24    2058048     295690   Object Totals
         0          0         32          0          0          0   (incl. Generated)
         2          0          1          5          0          0   (incl. Padding)

    ----------------------------------------------------------------------

      Code (inc. data)   RO Data    RW Data    ZI Data      Debug   Library Member Name

         8          0          0          0          0         68   __main.o
       104          0          0          0          0         84   __printf.o
         0          0          0          0          0          0   __rtentry.o
        12          0          0          0          0          0   __rtentry2.o
         6          0          0          0          0          0   __rtentry4.o
        52          8          0          0          0          0   __scatter.o
        26          0          0          0          0          0   __scatter_copy.o
        28          0          0          0          0          0   __scatter_zi.o
        48          6          0          0          0         96   _printf_char_common.o
        36          4          0          0          0         80   _printf_char_file.o
         0          0          0          0          0          0   _printf_percent.o
         4          0          0          0          0          0   _printf_percent_end.o
        18          0          0          0          0         80   exit.o
         8          0          0          0          0         68   ferror.o
         6          0          0          0          0        152   heapauxi.o
         2          0          0          0          0          0   libinit.o
         6          0          0          0          0          0   libinit2.o
         2          0          0          0          0          0   libshutdown.o
         2          0          0          0          0          0   libshutdown2.o
         8          4          0          0         96         68   libspace.o
        24          4          0          0          0         84   noretval__2printf.o
         2          0          0          0          0          0   rtexit.o
        10          0          0          0          0          0   rtexit2.o
        74          0          0          0          0         80   sys_stackheap_outer.o
         2          0          0          0          0         68   use_no_semi.o
         2          0          0          0          0         68   use_no_semi_2.o
        10          0          0          0          0        116   fpinit.o

    ----------------------------------------------------------------------
       506         26          0          0         96       1112   Library Totals
         6          0          0          0          0          0   (incl. Padding)

    ----------------------------------------------------------------------

      Code (inc. data)   RO Data    RW Data    ZI Data      Debug   Library Name

       490         26          0          0         96        996   c_w.l
        10          0          0          0          0        116   fz_wm.l

    ----------------------------------------------------------------------
       506         26          0          0         96       1112   Library Totals

    ----------------------------------------------------------------------

==============================================================================


      Code (inc. data)   RO Data    RW Data    ZI Data      Debug   

      2906        244        498         24    2058144     294786   Grand Totals
      2906        244        498         24    2058144     294786   ELF Image Totals
      2906        244        498         24          0          0   ROM Totals

==============================================================================

    Total RO  Size (Code + RO Data)                 3404 (   3.32kB)
    Total RW  Size (RW Data + ZI Data)           2058168 (2009.93kB)
    Total ROM Size (Code + RO Data + RW Data)       3428 (   3.35kB)

==============================================================================

